Archive member included to satisfy reference by file (symbol)

app/libapp.a(main.c.obj)      (--whole-archive)
app/libapp.a(engine.c.obj)    (--whole-archive)
app/libapp.a(sensors.c.obj)   (--whole-archive)
app/libapp.a(actuators.c.obj)
                              (--whole-archive)
app/libapp.a(can_comm.c.obj)  (--whole-archive)
zephyr/libzephyr.a(validate_libc.c.obj)
                              (--whole-archive)
zephyr/libzephyr.a(heap.c.obj)
                              (--whole-archive)
zephyr/libzephyr.a(cbprintf_packaged.c.obj)
                              (--whole-archive)
zephyr/libzephyr.a(clock.c.obj)
                              (--whole-archive)
zephyr/libzephyr.a(printk.c.obj)
                              (--whole-archive)
zephyr/libzephyr.a(sem.c.obj)
                              (--whole-archive)
zephyr/libzephyr.a(thread_entry.c.obj)
                              (--whole-archive)
zephyr/libzephyr.a(cbprintf_complete.c.obj)
                              (--whole-archive)
zephyr/libzephyr.a(assert.c.obj)
                              (--whole-archive)
zephyr/libzephyr.a(dec.c.obj)
                              (--whole-archive)
zephyr/libzephyr.a(hex.c.obj)
                              (--whole-archive)
zephyr/libzephyr.a(rb.c.obj)  (--whole-archive)
zephyr/libzephyr.a(timeutil.c.obj)
                              (--whole-archive)
zephyr/libzephyr.a(bitarray.c.obj)
                              (--whole-archive)
zephyr/libzephyr.a(bitmask.c.obj)
                              (--whole-archive)
zephyr/libzephyr.a(ring_buffer.c.obj)
                              (--whole-archive)
zephyr/libzephyr.a(last_section_id.c.obj)
                              (--whole-archive)
zephyr/libzephyr.a(configs.c.obj)
                              (--whole-archive)
zephyr/libzephyr.a(tracing_none.c.obj)
                              (--whole-archive)
zephyr/arch/common/libarch__common.a(sw_isr_common.c.obj)
                              (--whole-archive)
zephyr/arch/common/libarch__common.a(init.c.obj)
                              (--whole-archive)
zephyr/arch/common/libarch__common.a(xip.c.obj)
                              (--whole-archive)
zephyr/arch/arch/arm/core/libarch__arm__core.a(fatal.c.obj)
                              (--whole-archive)
zephyr/arch/arch/arm/core/libarch__arm__core.a(nmi.c.obj)
                              (--whole-archive)
zephyr/arch/arch/arm/core/libarch__arm__core.a(nmi_on_reset.S.obj)
                              (--whole-archive)
zephyr/arch/arch/arm/core/libarch__arm__core.a(tls.c.obj)
                              (--whole-archive)
zephyr/arch/arch/arm/core/cortex_m/libarch__arm__core__cortex_m.a(exc_exit.c.obj)
                              (--whole-archive)
zephyr/arch/arch/arm/core/cortex_m/libarch__arm__core__cortex_m.a(fault.c.obj)
                              (--whole-archive)
zephyr/arch/arch/arm/core/cortex_m/libarch__arm__core__cortex_m.a(fault_s.S.obj)
                              (--whole-archive)
zephyr/arch/arch/arm/core/cortex_m/libarch__arm__core__cortex_m.a(fpu.c.obj)
                              (--whole-archive)
zephyr/arch/arch/arm/core/cortex_m/libarch__arm__core__cortex_m.a(reset.S.obj)
                              (--whole-archive)
zephyr/arch/arch/arm/core/cortex_m/libarch__arm__core__cortex_m.a(scb.c.obj)
                              (--whole-archive)
zephyr/arch/arch/arm/core/cortex_m/libarch__arm__core__cortex_m.a(thread_abort.c.obj)
                              (--whole-archive)
zephyr/arch/arch/arm/core/cortex_m/libarch__arm__core__cortex_m.a(vector_table.S.obj)
                              (--whole-archive)
zephyr/arch/arch/arm/core/cortex_m/libarch__arm__core__cortex_m.a(swap_helper.S.obj)
                              (--whole-archive)
zephyr/arch/arch/arm/core/cortex_m/libarch__arm__core__cortex_m.a(irq_manage.c.obj)
                              (--whole-archive)
zephyr/arch/arch/arm/core/cortex_m/libarch__arm__core__cortex_m.a(prep_c.c.obj)
                              (--whole-archive)
zephyr/arch/arch/arm/core/cortex_m/libarch__arm__core__cortex_m.a(thread.c.obj)
                              (--whole-archive)
zephyr/arch/arch/arm/core/cortex_m/libarch__arm__core__cortex_m.a(cpu_idle.c.obj)
                              (--whole-archive)
zephyr/arch/arch/arm/core/cortex_m/libarch__arm__core__cortex_m.a(irq_init.c.obj)
                              (--whole-archive)
zephyr/arch/arch/arm/core/cortex_m/libarch__arm__core__cortex_m.a(isr_wrapper.c.obj)
                              (--whole-archive)
zephyr/arch/arch/arm/core/cortex_m/libarch__arm__core__cortex_m.a(__aeabi_read_tp.S.obj)
                              (--whole-archive)
zephyr/lib/libc/picolibc/liblib__libc__picolibc.a(assert.c.obj)
                              (--whole-archive)
zephyr/lib/libc/picolibc/liblib__libc__picolibc.a(cbprintf.c.obj)
                              (--whole-archive)
zephyr/lib/libc/picolibc/liblib__libc__picolibc.a(chk_fail.c.obj)
[...]
Memory Configuration

Name             Origin             Length             Attributes
FLASH            0x0000000000000000 0x0000000000040000 xr
RAM              0x0000000020000000 0x0000000000010000 xw
IDT_LIST         0x00000000ffff7fff 0x0000000000008000 xw
*default*        0x0000000000000000 0xffffffffffffffff

Linker script and memory map

                0x00000000000018c4                vfprintf = __l_vfprintf
                0x0000000000000000                vfscanf = __l_vfscanf
LOAD zephyr/CMakeFiles/zephyr_final.dir/misc/empty_file.c.obj
LOAD zephyr/CMakeFiles/zephyr_final.dir/isr_tables.c.obj
LOAD zephyr/CMakeFiles/offsets.dir/./arch/arm/core/offsets/offsets.c.obj
LOAD app/libapp.a
LOAD zephyr/libzephyr.a
LOAD zephyr/arch/common/libarch__common.a
LOAD zephyr/arch/arch/arm/core/libarch__arm__core.a
LOAD zephyr/arch/arch/arm/core/cortex_m/libarch__arm__core__cortex_m.a
LOAD zephyr/lib/libc/picolibc/liblib__libc__picolibc.a
LOAD zephyr/lib/libc/common/liblib__libc__common.a
LOAD zephyr/soc/soc/ti_lm3s6965/libsoc__ti__lm3s6965.a
LOAD zephyr/drivers/console/libdrivers__console.a
LOAD zephyr/drivers/serial/libdrivers__serial.a
LOAD zephyr/drivers/timer/libdrivers__timer.a
LOAD zephyr/kernel/libkernel.a
LOAD zephyr/arch/common/libisr_tables.a
LOAD /home/wael/zephyr-sdk-0.17.4/arm-zephyr-eabi/bin/../lib/gcc/../../picolibc/arm-zephyr-eabi/lib/thumb/v7-m/nofp/libc.a
LOAD /home/wael/zephyr-sdk-0.17.4/arm-zephyr-eabi/bin/../lib/gcc/arm-zephyr-eabi/12.2.0/thumb/v7-m/nofp/libgcc.a
                0x0000000000000004                _region_min_align = 0x4

.rel.plt        0x0000000000000000        0x0
 *(SORT_BY_ALIGNMENT(.rel.plt))
                [!provide]                        PROVIDE (__rel_iplt_start = .)
 *(SORT_BY_ALIGNMENT(.rel.iplt))
 .rel.iplt      0x0000000000000000        0x0 zephyr/CMakeFiles/zephyr_final.dir/isr_tables.c.obj
                [!provide]                        PROVIDE (__rel_iplt_end = .)

.rela.plt       0x0000000000000000        0x0
 *(SORT_BY_ALIGNMENT(.rela.plt))
                [!provide]                        PROVIDE (__rela_iplt_start = .)
 *(SORT_BY_ALIGNMENT(.rela.iplt))
                [!provide]                        PROVIDE (__rela_iplt_end = .)

.rel.dyn
 *(SORT_BY_ALIGNMENT(.rel.*))

.rela.dyn
 *(SORT_BY_ALIGNMENT(.rela.*))

/DISCARD/
 *(SORT_BY_ALIGNMENT(.plt))

/DISCARD/
 *(SORT_BY_ALIGNMENT(.iplt))
                0x0000000000000000                __rom_region_start = 0x0

rom_start       0x0000000000000000       0xec
                0x0000000000000000                __rom_start_address = .
 FILL mask 0x00
                0x0000000000000000                . = (. + (0x0 - (. - __rom_start_address)))
                0x0000000000000000                . = ALIGN (0x4)
                0x0000000000000000                . = ALIGN (0x80)
                0x0000000000000000                . = ALIGN (0x100)
                0x0000000000000000                _vector_start = .
 *(SORT_BY_ALIGNMENT(.exc_vector_table))
 *(SORT_BY_ALIGNMENT(.exc_vector_table.*))
 .exc_vector_table._vector_table_section
                0x0000000000000000       0x40 zephyr/arch/arch/arm/core/cortex_m/libarch__arm__core__cortex_m.a(vector_table.S.obj)
                0x0000000000000000                _vector_table
 *(SORT_BY_ALIGNMENT(.vectors))
                0x00000000000000ec                _vector_end = .
                0x0000000000000040                . = ALIGN (0x4)
 *(SORT_BY_ALIGNMENT(.gnu.linkonce.irq_vector_table*))
 .gnu.linkonce.irq_vector_table
                0x0000000000000040       0xac zephyr/CMakeFiles/zephyr_final.dir/isr_tables.c.obj
                0x0000000000000040                _irq_vector_table
                0x00000000000000ec                _vector_end = .

text            0x00000000000000ec     0x2154
                0x00000000000000ec                __text_region_start = .
 *(SORT_BY_ALIGNMENT(.text))
 *(SORT_BY_ALIGNMENT(.text.*))
 .text.main     0x00000000000000ec       0x90 app/libapp.a(main.c.obj)
                0x00000000000000ec                main
 .text.engine_init
                0x000000000000017c       0x20 app/libapp.a(engine.c.obj)
                0x000000000000017c                engine_init
 .text.ecu_processing
                0x000000000000019c       0x4c app/libapp.a(engine.c.obj)
                0x000000000000019c                ecu_processing
 .text.sensors_init
                0x00000000000001e8        0xc app/libapp.a(sensors.c.obj)
                0x00000000000001e8                sensors_init
 .text.read_rpm
                0x00000000000001f4       0x2c app/libapp.a(sensors.c.obj)
                0x00000000000001f4                read_rpm
 .text.read_temperature
                0x0000000000000220       0x20 app/libapp.a(sensors.c.obj)
                0x0000000000000220                read_temperature
 .text.read_map_pressure
                0x0000000000000240       0x18 app/libapp.a(sensors.c.obj)
                0x0000000000000240                read_map_pressure
 .text.actuators_init
                0x0000000000000258        0xc app/libapp.a(actuators.c.obj)
                0x0000000000000258                actuators_init
 .text.can_comm_init
                0x0000000000000264        0xc app/libapp.a(can_comm.c.obj)
                0x0000000000000264                can_comm_init
 .text.send_engine_data
                0x0000000000000270       0x28 app/libapp.a(can_comm.c.obj)
                0x0000000000000270                send_engine_data
 .text.char_out
                0x0000000000000298        0xc zephyr/libzephyr.a(printk.c.obj)
 .text.__printk_hook_install
                0x00000000000002a4        0xc zephyr/libzephyr.a(printk.c.obj)
                0x00000000000002a4                __printk_hook_install
 .text.vprintk  0x00000000000002b0       0x30 zephyr/libzephyr.a(printk.c.obj)
                0x00000000000002b0                vprintk
 .text.z_thread_entry
                0x00000000000002e0       0x34 zephyr/libzephyr.a(thread_entry.c.obj)
                0x00000000000002e0                z_thread_entry
 .text.arch_bss_zero
                0x0000000000000314       0x18 zephyr/arch/common/libarch__common.a(init.c.obj)
                0x0000000000000314                arch_bss_zero
 .text.arch_data_copy
                0x000000000000032c       0x38 zephyr/arch/common/libarch__common.a(xip.c.obj)
                0x000000000000032c                arch_data_copy
 .text.z_arm_fatal_error
                0x0000000000000364       0x60 zephyr/arch/arch/arm/core/libarch__arm__core.a(fatal.c.obj)
                0x0000000000000364                z_arm_fatal_error
 .text.z_SysNmiOnReset
                0x00000000000003c4        0x8 zephyr/arch/arch/arm/core/libarch__arm__core.a(nmi_on_reset.S.obj)
                0x00000000000003c4                z_SysNmiOnReset
 .text.arch_tls_stack_setup
                0x00000000000003cc       0x40 zephyr/arch/arch/arm/core/libarch__arm__core.a(tls.c.obj)
                0x00000000000003cc                arch_tls_stack_setup
 .text._HandlerModeExit
                0x000000000000040c       0x20 zephyr/arch/arch/arm/core/cortex_m/libarch__arm__core__cortex_m.a(exc_exit.c.obj)
                0x000000000000040c                z_arm_exc_exit
                0x000000000000040c                z_arm_int_exit
 .text.usage_fault.constprop.0
                0x000000000000042c       0x98 zephyr/arch/arch/arm/core/cortex_m/libarch__arm__core__cortex_m.a(fault.c.obj)
 .text.bus_fault.constprop.0
                0x00000000000004c4       0xa4 zephyr/arch/arch/arm/core/cortex_m/libarch__arm__core__cortex_m.a(fault.c.obj)
 .text.mem_manage_fault.constprop.0
                0x0000000000000568       0x9c zephyr/arch/arch/arm/core/cortex_m/libarch__arm__core__cortex_m.a(fault.c.obj)
 .text.z_arm_fault
                0x0000000000000604      0x1a0 zephyr/arch/arch/arm/core/cortex_m/libarch__arm__core__cortex_m.a(fault.c.obj)
                0x0000000000000604                z_arm_fault
 .text.z_arm_fault_init
                0x00000000000007a4       0x18 zephyr/arch/arch/arm/core/cortex_m/libarch__arm__core__cortex_m.a(fault.c.obj)
                0x00000000000007a4                z_arm_fault_init
 .text.__fault  0x00000000000007bc       0x14 zephyr/arch/arch/arm/core/cortex_m/libarch__arm__core__cortex_m.a(fault_s.S.obj)
                0x00000000000007bc                z_arm_bus_fault
                0x00000000000007bc                z_arm_usage_fault
                0x00000000000007bc                z_arm_mpu_fault
                0x00000000000007bc                z_arm_exc_spurious
                0x00000000000007bc                z_arm_debug_monitor
                0x00000000000007bc                z_arm_hard_fault
 .text._reset_section
                0x00000000000007d0       0x34 zephyr/arch/arch/arm/core/cortex_m/libarch__arm__core__cortex_m.a(reset.S.obj)
                0x00000000000007d0                z_arm_reset
                0x00000000000007d0                __start
 .text.z_impl_k_thread_abort
                0x0000000000000804       0x2c zephyr/arch/arch/arm/core/cortex_m/libarch__arm__core__cortex_m.a(thread_abort.c.obj)
                0x0000000000000804                z_impl_k_thread_abort
 .text.z_arm_pendsv
                0x0000000000000830       0x54 zephyr/arch/arch/arm/core/cortex_m/libarch__arm__core__cortex_m.a(swap_helper.S.obj)
                0x0000000000000830                z_arm_pendsv
 .text.z_arm_svc
                0x0000000000000884       0x24 zephyr/arch/arch/arm/core/cortex_m/libarch__arm__core__cortex_m.a(swap_helper.S.obj)
                0x0000000000000884                z_arm_svc
 .text.relocate_vector_table
                0x00000000000008a8       0x20 zephyr/arch/arch/arm/core/cortex_m/libarch__arm__core__cortex_m.a(prep_c.c.obj)
                0x00000000000008a8                relocate_vector_table
 .text.arch_new_thread
                0x00000000000008c8       0x38 zephyr/arch/arch/arm/core/cortex_m/libarch__arm__core__cortex_m.a(thread.c.obj)
                0x00000000000008c8                arch_new_thread
 .text.arch_switch_to_main_thread
                0x0000000000000900       0x38 zephyr/arch/arch/arm/core/cortex_m/libarch__arm__core__cortex_m.a(thread.c.obj)
                0x0000000000000900                arch_switch_to_main_thread
 .text.z_arm_cpu_idle_init
                0x0000000000000938        0xc zephyr/arch/arch/arm/core/cortex_m/libarch__arm__core__cortex_m.a(cpu_idle.c.obj)
                0x0000000000000938                z_arm_cpu_idle_init
 .text.z_arm_interrupt_init
                0x0000000000000944       0x18 zephyr/arch/arch/arm/core/cortex_m/libarch__arm__core__cortex_m.a(irq_init.c.obj)
                0x0000000000000944                z_arm_interrupt_init
 .text._isr_wrapper
                0x000000000000095c       0x24 zephyr/arch/arch/arm/core/cortex_m/libarch__arm__core__cortex_m.a(isr_wrapper.c.obj)
                0x000000000000095c                _isr_wrapper
 .text.z_impl_zephyr_fputc
                0x0000000000000980       0x10 zephyr/lib/libc/picolibc/liblib__libc__picolibc.a(stdio.c.obj)
                0x0000000000000980                z_impl_zephyr_fputc
 .text.__stdout_hook_install
                0x0000000000000990       0x18 zephyr/lib/libc/picolibc/liblib__libc__picolibc.a(stdio.c.obj)
                0x0000000000000990                __stdout_hook_install
 .text.malloc_prepare
                0x00000000000009a8       0x24 zephyr/lib/libc/common/liblib__libc__common.a(malloc.c.obj)
 .text.uart_stellaris_init
                0x00000000000009cc       0x30 zephyr/soc/soc/ti_lm3s6965/libsoc__ti__lm3s6965.a(soc_config.c.obj)
 .text.uart_console_init
                0x00000000000009fc       0x28 zephyr/drivers/console/libdrivers__console.a(uart_console.c.obj)
 .text.console_out
                0x0000000000000a24       0x28 zephyr/drivers/console/libdrivers__console.a(uart_console.c.obj)
 .text.elapsed  0x0000000000000a4c       0x4c zephyr/drivers/timer/libdrivers__timer.a(cortex_m_systick.c.obj)
 .text.sys_clock_driver_init
                0x0000000000000a98       0x38 zephyr/drivers/timer/libdrivers__timer.a(cortex_m_systick.c.obj)
 .text.sys_clock_isr
                0x0000000000000ad0       0x50 zephyr/drivers/timer/libdrivers__timer.a(cortex_m_systick.c.obj)
                0x0000000000000ad0                sys_clock_isr
 .text.sys_clock_set_timeout
                0x0000000000000b20       0xe4 zephyr/drivers/timer/libdrivers__timer.a(cortex_m_systick.c.obj)
                0x0000000000000b20                sys_clock_set_timeout
 .text.sys_clock_elapsed
                0x0000000000000c04       0x3c zephyr/drivers/timer/libdrivers__timer.a(cortex_m_systick.c.obj)
                0x0000000000000c04                sys_clock_elapsed
 .text.z_fatal_error
                0x0000000000000c40       0x30 zephyr/kernel/libkernel.a(fatal.c.obj)
                0x0000000000000c40                z_fatal_error
 .text.z_sys_init_run_level
                0x0000000000000c70       0x30 zephyr/kernel/libkernel.a(init.c.obj)
 .text.bg_thread_main
                0x0000000000000ca0       0xc0 zephyr/kernel/libkernel.a(init.c.obj)
 .text.z_init_cpu
                0x0000000000000d60       0x68 zephyr/kernel/libkernel.a(init.c.obj)
                0x0000000000000d60                z_init_cpu
 .text.z_cstart
                0x0000000000000dc8       0xc0 zephyr/kernel/libkernel.a(init.c.obj)
                0x0000000000000dc8                z_cstart
 .text.z_setup_new_thread
                0x0000000000000e88       0x70 zephyr/kernel/libkernel.a(thread.c.obj)
                0x0000000000000e88                z_setup_new_thread
 .text.z_dummy_thread_init
                0x0000000000000ef8       0x18 zephyr/kernel/libkernel.a(thread.c.obj)
                0x0000000000000ef8                z_dummy_thread_init
 .text.z_swap_irqlock
                0x0000000000000f10       0x30 zephyr/kernel/libkernel.a(sched.c.obj)
 .text.ready_thread
                0x0000000000000f40       0x94 zephyr/kernel/libkernel.a(sched.c.obj)
 .text.unready_thread
                0x0000000000000fd4       0xa0 zephyr/kernel/libkernel.a(sched.c.obj)
 .text.move_thread_to_end_of_prio_q
                0x0000000000001074       0xe8 zephyr/kernel/libkernel.a(sched.c.obj)
                0x0000000000001074                move_thread_to_end_of_prio_q
 .text.z_reschedule
                0x000000000000115c       0x24 zephyr/kernel/libkernel.a(sched.c.obj)
                0x000000000000115c                z_reschedule
 .text.z_reschedule_irqlock
                0x0000000000001180       0x28 zephyr/kernel/libkernel.a(sched.c.obj)
                0x0000000000001180                z_reschedule_irqlock
 .text.k_sched_lock
                0x00000000000011a8       0x28 zephyr/kernel/libkernel.a(sched.c.obj)
                0x00000000000011a8                k_sched_lock
 .text.k_sched_unlock
                0x00000000000011d0       0x74 zephyr/kernel/libkernel.a(sched.c.obj)
                0x00000000000011d0                k_sched_unlock
 .text.z_sched_init
                0x0000000000001244        0xc zephyr/kernel/libkernel.a(sched.c.obj)
                0x0000000000001244                z_sched_init
 .text.z_impl_k_yield
                0x0000000000001250       0x6c zephyr/kernel/libkernel.a(sched.c.obj)
                0x0000000000001250                z_impl_k_yield
 .text.z_tick_sleep
                0x00000000000012bc       0x78 zephyr/kernel/libkernel.a(sched.c.obj)
 .text.z_impl_k_wakeup
                0x0000000000001334       0x48 zephyr/kernel/libkernel.a(sched.c.obj)
                0x0000000000001334                z_impl_k_wakeup
 .text.z_impl_k_sched_current_thread_query
                0x000000000000137c        0xc zephyr/kernel/libkernel.a(sched.c.obj)
                0x000000000000137c                z_impl_k_sched_current_thread_query
 .text.z_thread_abort
                0x0000000000001388      0x18c zephyr/kernel/libkernel.a(sched.c.obj)
                0x0000000000001388                z_thread_abort
 .text.slice_timeout
                0x0000000000001514       0x20 zephyr/kernel/libkernel.a(timeslicing.c.obj)
 .text.thread_is_sliceable
                0x0000000000001534       0x3c zephyr/kernel/libkernel.a(timeslicing.c.obj)
                0x0000000000001534                thread_is_sliceable
 .text.z_reset_time_slice
                0x0000000000001570       0x50 zephyr/kernel/libkernel.a(timeslicing.c.obj)
                0x0000000000001570                z_reset_time_slice
 .text.z_time_slice
                0x00000000000015c0       0x60 zephyr/kernel/libkernel.a(timeslicing.c.obj)
                0x00000000000015c0                z_time_slice
 .text.first    0x0000000000001620       0x10 zephyr/kernel/libkernel.a(timeout.c.obj)
 .text.elapsed  0x0000000000001630       0x14 zephyr/kernel/libkernel.a(timeout.c.obj)
 .text.remove_timeout
                0x0000000000001644       0x38 zephyr/kernel/libkernel.a(timeout.c.obj)
 .text.z_add_timeout
                0x000000000000167c      0x120 zephyr/kernel/libkernel.a(timeout.c.obj)
                0x000000000000167c                z_add_timeout
 .text.sys_clock_announce
                0x000000000000179c       0xbc zephyr/kernel/libkernel.a(timeout.c.obj)
                0x000000000000179c                sys_clock_announce
 .text.sys_clock_tick_get
                0x0000000000001858       0x30 zephyr/kernel/libkernel.a(timeout.c.obj)
                0x0000000000001858                sys_clock_tick_get
 .text.k_thread_system_pool_assign
                0x0000000000001888        0xc zephyr/kernel/libkernel.a(mempool.c.obj)
                0x0000000000001888                k_thread_system_pool_assign
 .text.boot_banner
                0x0000000000001894        0xc zephyr/kernel/libkernel.a(banner.c.obj)
                0x0000000000001894                boot_banner
 .text.statics_init
                0x00000000000018a0       0x24 zephyr/kernel/libkernel.a(kheap.c.obj)
 .text.__l_vfprintf
                0x00000000000018c4      0x4b8 /home/wael/zephyr-sdk-0.17.4/arm-zephyr-eabi/bin/../lib/gcc/../../picolibc/arm-zephyr-eabi/lib/thumb/v7-m/nofp/libc.a(libc_tinystdio_vflprintf.c.o)
                0x00000000000018c4                __l_vfprintf
 .text._OffsetAbsSyms
                0x0000000000001d7c        0x2 zephyr/CMakeFiles/offsets.dir/./arch/arm/core/offsets/offsets.c.obj
                0x0000000000001d7c                _OffsetAbsSyms
 .text.control_injectors
                0x0000000000001d7e        0x2 app/libapp.a(actuators.c.obj)
                0x0000000000001d7e                control_injectors
 .text.control_ignition
                0x0000000000001d80        0x2 app/libapp.a(actuators.c.obj)
                0x0000000000001d80                control_ignition
 .text.process_can_messages
                0x0000000000001d82        0x2 app/libapp.a(can_comm.c.obj)
                0x0000000000001d82                process_can_messages
 .text.chunk_size
                0x0000000000001d84        0xa zephyr/libzephyr.a(heap.c.obj)
 .text.free_list_add
                0x0000000000001d8e       0x4e zephyr/libzephyr.a(heap.c.obj)
 .text.sys_heap_init
                0x0000000000001ddc       0x7a zephyr/libzephyr.a(heap.c.obj)
                0x0000000000001ddc                sys_heap_init
 .text.arch_printk_char_out
                0x0000000000001e56        0x4 zephyr/libzephyr.a(printk.c.obj)
                0x0000000000001e56                arch_printk_char_out
 .text.printk   0x0000000000001e5a       0x1a zephyr/libzephyr.a(printk.c.obj)
                0x0000000000001e5a                printk
 .text._ConfigAbsSyms
                0x0000000000001e74        0x2 zephyr/libzephyr.a(configs.c.obj)
                0x0000000000001e74                _ConfigAbsSyms
 .text.arch_early_memset
                0x0000000000001e76        0x4 zephyr/arch/common/libarch__common.a(init.c.obj)
                0x0000000000001e76                arch_early_memset
 .text.arch_early_memcpy
                0x0000000000001e7a        0x4 zephyr/arch/common/libarch__common.a(init.c.obj)
                0x0000000000001e7a                arch_early_memcpy
 .text.z_do_kernel_oops
                0x0000000000001e7e        0x8 zephyr/arch/arch/arm/core/libarch__arm__core.a(fatal.c.obj)
                0x0000000000001e7e                z_do_kernel_oops
 .text.z_arm_nmi
                0x0000000000001e86        0xe zephyr/arch/arch/arm/core/libarch__arm__core.a(nmi.c.obj)
                0x0000000000001e86                z_arm_nmi
 .text.z_irq_spurious
                0x0000000000001e94        0x8 zephyr/arch/arch/arm/core/cortex_m/libarch__arm__core__cortex_m.a(irq_manage.c.obj)
                0x0000000000001e94                z_irq_spurious
 .text.z_prep_c
                0x0000000000001e9c       0x16 zephyr/arch/arch/arm/core/cortex_m/libarch__arm__core__cortex_m.a(prep_c.c.obj)
                0x0000000000001e9c                z_prep_c
 .text.arch_coprocessors_disable
                0x0000000000001eb2        0x6 zephyr/arch/arch/arm/core/cortex_m/libarch__arm__core__cortex_m.a(thread.c.obj)
                0x0000000000001eb2                arch_coprocessors_disable
 .text.arch_irq_unlock_outlined
                0x0000000000001eb8        0xe zephyr/arch/arch/arm/core/cortex_m/libarch__arm__core__cortex_m.a(thread.c.obj)
                0x0000000000001eb8                arch_irq_unlock_outlined
 .text.arch_cpu_idle
                0x0000000000001ec6       0x1a zephyr/arch/arch/arm/core/cortex_m/libarch__arm__core__cortex_m.a(cpu_idle.c.obj)
                0x0000000000001ec6                arch_cpu_idle
 .text.picolibc_put
                0x0000000000001ee0        0xa zephyr/lib/libc/picolibc/liblib__libc__picolibc.a(stdio.c.obj)
 .text.uart_stellaris_poll_in
                0x0000000000001eea       0x16 zephyr/drivers/serial/libdrivers__serial.a(uart_stellaris.c.obj)
 .text.uart_stellaris_poll_out
                0x0000000000001f00        0xe zephyr/drivers/serial/libdrivers__serial.a(uart_stellaris.c.obj)
 .text.uart_stellaris_init
                0x0000000000001f0e       0x60 zephyr/drivers/serial/libdrivers__serial.a(uart_stellaris.c.obj)
 .text.do_device_init
                0x0000000000001f6e       0x30 zephyr/kernel/libkernel.a(device.c.obj)
                0x0000000000001f6e                do_device_init
 .text.z_impl_device_is_ready
                0x0000000000001f9e       0x16 zephyr/kernel/libkernel.a(device.c.obj)
                0x0000000000001f9e                z_impl_device_is_ready
 .text.arch_system_halt
                0x0000000000001fb4       0x10 zephyr/kernel/libkernel.a(fatal.c.obj)
                0x0000000000001fb4                arch_system_halt
 .text.k_sys_fatal_error_handler
                0x0000000000001fc4        0x6 zephyr/kernel/libkernel.a(fatal.c.obj)
                0x0000000000001fc4                k_sys_fatal_error_handler
 .text.idle     0x0000000000001fca       0x16 zephyr/kernel/libkernel.a(idle.c.obj)
                0x0000000000001fca                idle
 .text.unpend_thread_no_timeout
                0x0000000000001fe0       0x1a zephyr/kernel/libkernel.a(sched.c.obj)
 .text.z_ready_thread
                0x0000000000001ffa       0x1e zephyr/kernel/libkernel.a(sched.c.obj)
                0x0000000000001ffa                z_ready_thread
 .text.z_sched_wake_thread
                0x0000000000002018       0x3a zephyr/kernel/libkernel.a(sched.c.obj)
                0x0000000000002018                z_sched_wake_thread
 .text.z_thread_timeout
                0x0000000000002052        0x8 zephyr/kernel/libkernel.a(sched.c.obj)
                0x0000000000002052                z_thread_timeout
 .text.init_ready_q
                0x000000000000205a       0x18 zephyr/kernel/libkernel.a(sched.c.obj)
                0x000000000000205a                init_ready_q
 .text.z_impl_k_sleep
                0x0000000000002072       0x3a zephyr/kernel/libkernel.a(sched.c.obj)
                0x0000000000002072                z_impl_k_sleep
 .text.next_timeout
                0x00000000000020ac       0x2e zephyr/kernel/libkernel.a(timeout.c.obj)
 .text.z_abort_timeout
                0x00000000000020da       0x50 zephyr/kernel/libkernel.a(timeout.c.obj)
                0x00000000000020da                z_abort_timeout
 .text.sys_clock_tick_get_32
                0x000000000000212a        0x8 zephyr/kernel/libkernel.a(timeout.c.obj)
                0x000000000000212a                sys_clock_tick_get_32
 .text.k_heap_init
                0x0000000000002132       0x10 zephyr/kernel/libkernel.a(kheap.c.obj)
                0x0000000000002132                k_heap_init
 .text.memcpy   0x0000000000002142       0x1c /home/wael/zephyr-sdk-0.17.4/arm-zephyr-eabi/bin/../lib/gcc/../../picolibc/arm-zephyr-eabi/lib/thumb/v7-m/nofp/libc.a(memcpy.c.o)
                0x0000000000002142                memcpy
                0x0000000000002142                __aeabi_memcpy
                0x0000000000002142                __aeabi_memcpy4
                0x0000000000002142                __aeabi_memcpy8
 .text.memset   0x000000000000215e       0x10 /home/wael/zephyr-sdk-0.17.4/arm-zephyr-eabi/bin/../lib/gcc/../../picolibc/arm-zephyr-eabi/lib/thumb/v7-m/nofp/libc.a(memset.c.o)
                0x000000000000215e                memset
 .text.strnlen  0x000000000000216e       0x18 /home/wael/zephyr-sdk-0.17.4/arm-zephyr-eabi/bin/../lib/gcc/../../picolibc/arm-zephyr-eabi/lib/thumb/v7-m/nofp/libc.a(libc_string_strnlen.c.o)
                0x000000000000216e                strnlen
 .text.__ultoa_invert
                0x0000000000002186       0xae /home/wael/zephyr-sdk-0.17.4/arm-zephyr-eabi/bin/../lib/gcc/../../picolibc/arm-zephyr-eabi/lib/thumb/v7-m/nofp/libc.a(libc_tinystdio_vflprintf.c.o)
 *(SORT_BY_ALIGNMENT(.TEXT.*))
 .TEXT.__aeabi_read_tp
                0x0000000000002234        0xc zephyr/arch/arch/arm/core/cortex_m/libarch__arm__core__cortex_m.a(__aeabi_read_tp.S.obj)
                0x0000000000002234                __aeabi_read_tp
 *(SORT_BY_ALIGNMENT(.gnu.linkonce.t.*))
 *(SORT_BY_ALIGNMENT(.glue_7t))
 .glue_7t       0x0000000000002240        0x0 linker stubs
 *(SORT_BY_ALIGNMENT(.glue_7))
 .glue_7        0x0000000000002240        0x0 linker stubs
 *(SORT_BY_ALIGNMENT(.vfp11_veneer))
 .vfp11_veneer  0x0000000000002240        0x0 linker stubs
 *(SORT_BY_ALIGNMENT(.v4_bx))
 .v4_bx         0x0000000000002240        0x0 linker stubs
                0x0000000000002240                . = ALIGN (0x4)
                0x0000000000002240                __text_region_end = .

.ARM.exidx      0x0000000000002240        0x0
                0x0000000000002240                __exidx_start = .
 *(SORT_BY_ALIGNMENT(.ARM.exidx*) SORT_BY_ALIGNMENT(gnu.linkonce.armexidx.*))
                0x0000000000002240                __exidx_end = .
                0x0000000000002240                __rodata_region_start = .

initlevel       0x0000000000002240       0x40
                0x0000000000002240                __init_start = .
                0x0000000000002240                __init_EARLY_start = .
 *(SORT_BY_NAME(SORT_BY_ALIGNMENT(.z_init_EARLY_P_?_*)))
 *(SORT_BY_NAME(SORT_BY_ALIGNMENT(.z_init_EARLY_P_??_*)))
 *(SORT_BY_NAME(SORT_BY_ALIGNMENT(.z_init_EARLY_P_???_*)))
                0x0000000000002240                __init_PRE_KERNEL_1_start = .
 *(SORT_BY_NAME(SORT_BY_ALIGNMENT(.z_init_PRE_KERNEL_1_P_?_*)))
 *(SORT_BY_NAME(SORT_BY_ALIGNMENT(.z_init_PRE_KERNEL_1_P_??_*)))
 .z_init_PRE_KERNEL_1_P_30_SUB_0_
                0x0000000000002240        0x8 zephyr/kernel/libkernel.a(kheap.c.obj)
 .z_init_PRE_KERNEL_1_P_50_SUB_00018_
                0x0000000000002248        0x8 zephyr/drivers/serial/libdrivers__serial.a(uart_stellaris.c.obj)
 .z_init_PRE_KERNEL_1_P_50_SUB_00019_
                0x0000000000002250        0x8 zephyr/drivers/serial/libdrivers__serial.a(uart_stellaris.c.obj)
 .z_init_PRE_KERNEL_1_P_50_SUB_00022_
                0x0000000000002258        0x8 zephyr/drivers/serial/libdrivers__serial.a(uart_stellaris.c.obj)
 .z_init_PRE_KERNEL_1_P_50_SUB_0_
                0x0000000000002260        0x8 zephyr/soc/soc/ti_lm3s6965/libsoc__ti__lm3s6965.a(soc_config.c.obj)
 .z_init_PRE_KERNEL_1_P_60_SUB_0_
                0x0000000000002268        0x8 zephyr/drivers/console/libdrivers__console.a(uart_console.c.obj)
 *(SORT_BY_NAME(SORT_BY_ALIGNMENT(.z_init_PRE_KERNEL_1_P_???_*)))
                0x0000000000002270                __init_PRE_KERNEL_2_start = .
 *(SORT_BY_NAME(SORT_BY_ALIGNMENT(.z_init_PRE_KERNEL_2_P_?_*)))
 .z_init_PRE_KERNEL_2_P_0_SUB_0_
                0x0000000000002270        0x8 zephyr/drivers/timer/libdrivers__timer.a(cortex_m_systick.c.obj)
 *(SORT_BY_NAME(SORT_BY_ALIGNMENT(.z_init_PRE_KERNEL_2_P_??_*)))
 *(SORT_BY_NAME(SORT_BY_ALIGNMENT(.z_init_PRE_KERNEL_2_P_???_*)))
                0x0000000000002278                __init_POST_KERNEL_start = .
 *(SORT_BY_NAME(SORT_BY_ALIGNMENT(.z_init_POST_KERNEL_P_?_*)))
 *(SORT_BY_NAME(SORT_BY_ALIGNMENT(.z_init_POST_KERNEL_P_??_*)))
 .z_init_POST_KERNEL_P_35_SUB_0_
                0x0000000000002278        0x8 zephyr/lib/libc/common/liblib__libc__common.a(malloc.c.obj)
 *(SORT_BY_NAME(SORT_BY_ALIGNMENT(.z_init_POST_KERNEL_P_???_*)))
                0x0000000000002280                __init_APPLICATION_start = .
 *(SORT_BY_NAME(SORT_BY_ALIGNMENT(.z_init_APPLICATION_P_?_*)))
 *(SORT_BY_NAME(SORT_BY_ALIGNMENT(.z_init_APPLICATION_P_??_*)))
 *(SORT_BY_NAME(SORT_BY_ALIGNMENT(.z_init_APPLICATION_P_???_*)))
                0x0000000000002280                __init_SMP_start = .
 *(SORT_BY_NAME(SORT_BY_ALIGNMENT(.z_init_SMP_P_?_*)))
 *(SORT_BY_NAME(SORT_BY_ALIGNMENT(.z_init_SMP_P_??_*)))
 *(SORT_BY_NAME(SORT_BY_ALIGNMENT(.z_init_SMP_P_???_*)))
                0x0000000000002280                __init_end = .

device_area     0x0000000000002280       0x60
                0x0000000000002280                _device_list_start = .
 *(SORT_BY_NAME(SORT_BY_ALIGNMENT(._device.static.*_?_*)))
 *(SORT_BY_NAME(SORT_BY_ALIGNMENT(._device.static.*_??_*)))
 ._device.static.1_50_
                0x0000000000002280       0x60 zephyr/drivers/serial/libdrivers__serial.a(uart_stellaris.c.obj)
                0x0000000000002280                __device_dts_ord_22
                0x00000000000022a0                __device_dts_ord_19
                0x00000000000022c0                __device_dts_ord_18
 *(SORT_BY_NAME(SORT_BY_ALIGNMENT(._device.static.*_???_*)))
 *(SORT_BY_NAME(SORT_BY_ALIGNMENT(._device.static.*_????_*)))
 *(SORT_BY_NAME(SORT_BY_ALIGNMENT(._device.static.*_?????_*)))
                0x00000000000022e0                _device_list_end = .

sw_isr_table    0x00000000000022e0      0x158
                0x00000000000022e0                . = ALIGN (0x4)
 *(SORT_BY_ALIGNMENT(.gnu.linkonce.sw_isr_table*))
 .gnu.linkonce.sw_isr_table
                0x00000000000022e0      0x158 zephyr/CMakeFiles/zephyr_final.dir/isr_tables.c.obj
                0x00000000000022e0                _sw_isr_table

initlevel_error
                0x0000000000002240        0x0
 *(SORT_BY_NAME(SORT_BY_ALIGNMENT(.z_init_*)))
                0x0000000000000001                ASSERT ((SIZEOF (initlevel_error) == 0x0), Undefined initialization levels used.)

app_shmem_regions
                0x0000000000002438        0x0
                0x0000000000002438                __app_shmem_regions_start = .
 *(SORT_BY_NAME(SORT_BY_ALIGNMENT(.app_regions.*)))
                0x0000000000002438                __app_shmem_regions_end = .

k_p4wq_initparam_area
                0x0000000000002438        0x0
                0x0000000000002438                _k_p4wq_initparam_list_start = .
 *(SORT_BY_NAME(SORT_BY_ALIGNMENT(._k_p4wq_initparam.static.*)))
                0x0000000000002438                _k_p4wq_initparam_list_end = .

_static_thread_data_area
                0x0000000000002438        0x0
                0x0000000000002438                __static_thread_data_list_start = .
 *(SORT_BY_NAME(SORT_BY_ALIGNMENT(.__static_thread_data.static.*)))
                0x0000000000002438                __static_thread_data_list_end = .

device_deps     0x0000000000002438        0x0
                0x0000000000002438                __device_deps_start = .
 *(SORT_BY_NAME(SORT_BY_ALIGNMENT(.__device_deps_pass2*)))
                0x0000000000002438                __device_deps_end = .

shared_irq_driver_api_area
                0x0000000000002438        0x0
                0x0000000000002438                _shared_irq_driver_api_list_start = .
 *(SORT_BY_NAME(SORT_BY_ALIGNMENT(._shared_irq_driver_api.static.*)))
                0x0000000000002438                _shared_irq_driver_api_list_end = .

crypto_driver_api_area
                0x0000000000002438        0x0
                0x0000000000002438                _crypto_driver_api_list_start = .
 *(SORT_BY_NAME(SORT_BY_ALIGNMENT(._crypto_driver_api.static.*)))
                0x0000000000002438                _crypto_driver_api_list_end = .

adc_driver_api_area
                0x0000000000002438        0x0
                0x0000000000002438                _adc_driver_api_list_start = .
 *(SORT_BY_NAME(SORT_BY_ALIGNMENT(._adc_driver_api.static.*)))
                0x0000000000002438                _adc_driver_api_list_end = .

auxdisplay_driver_api_area
                0x0000000000002438        0x0
                0x0000000000002438                _auxdisplay_driver_api_list_start = .
 *(SORT_BY_NAME(SORT_BY_ALIGNMENT(._auxdisplay_driver_api.static.*)))
                0x0000000000002438                _auxdisplay_driver_api_list_end = .

bbram_driver_api_area
                0x0000000000002438        0x0
                0x0000000000002438                _bbram_driver_api_list_start = .
 *(SORT_BY_NAME(SORT_BY_ALIGNMENT(._bbram_driver_api.static.*)))
                0x0000000000002438                _bbram_driver_api_list_end = .

bt_hci_driver_api_area
                0x0000000000002438        0x0
                0x0000000000002438                _bt_hci_driver_api_list_start = .
 *(SORT_BY_NAME(SORT_BY_ALIGNMENT(._bt_hci_driver_api.static.*)))
                0x0000000000002438                _bt_hci_driver_api_list_end = .

can_driver_api_area
                0x0000000000002438        0x0
                0x0000000000002438                _can_driver_api_list_start = .
 *(SORT_BY_NAME(SORT_BY_ALIGNMENT(._can_driver_api.static.*)))
                0x0000000000002438                _can_driver_api_list_end = .

cellular_driver_api_area
                0x0000000000002438        0x0
                0x0000000000002438                _cellular_driver_api_list_start = .
 *(SORT_BY_NAME(SORT_BY_ALIGNMENT(._cellular_driver_api.static.*)))
                0x0000000000002438                _cellular_driver_api_list_end = .

charger_driver_api_area
                0x0000000000002438        0x0
                0x0000000000002438                _charger_driver_api_list_start = .
 *(SORT_BY_NAME(SORT_BY_ALIGNMENT(._charger_driver_api.static.*)))
                0x0000000000002438                _charger_driver_api_list_end = .

clock_control_driver_api_area
                0x0000000000002438        0x0
                0x0000000000002438                _clock_control_driver_api_list_start = .
 *(SORT_BY_NAME(SORT_BY_ALIGNMENT(._clock_control_driver_api.static.*)))
                0x0000000000002438                _clock_control_driver_api_list_end = .

comparator_driver_api_area
                0x0000000000002438        0x0
                0x0000000000002438                _comparator_driver_api_list_start = .
 *(SORT_BY_NAME(SORT_BY_ALIGNMENT(._comparator_driver_api.static.*)))
                0x0000000000002438                _comparator_driver_api_list_end = .

coredump_driver_api_area
                0x0000000000002438        0x0
                0x0000000000002438                _coredump_driver_api_list_start = .
 *(SORT_BY_NAME(SORT_BY_ALIGNMENT(._coredump_driver_api.static.*)))
                0x0000000000002438                _coredump_driver_api_list_end = .

counter_driver_api_area
                0x0000000000002438        0x0
                0x0000000000002438                _counter_driver_api_list_start = .
 *(SORT_BY_NAME(SORT_BY_ALIGNMENT(._counter_driver_api.static.*)))
                0x0000000000002438                _counter_driver_api_list_end = .

crc_driver_api_area
                0x0000000000002438        0x0
                0x0000000000002438                _crc_driver_api_list_start = .
 *(SORT_BY_NAME(SORT_BY_ALIGNMENT(._crc_driver_api.static.*)))
                0x0000000000002438                _crc_driver_api_list_end = .

dac_driver_api_area
                0x0000000000002438        0x0
                0x0000000000002438                _dac_driver_api_list_start = .
 *(SORT_BY_NAME(SORT_BY_ALIGNMENT(._dac_driver_api.static.*)))
                0x0000000000002438                _dac_driver_api_list_end = .

dai_driver_api_area
                0x0000000000002438        0x0
                0x0000000000002438                _dai_driver_api_list_start = .
 *(SORT_BY_NAME(SORT_BY_ALIGNMENT(._dai_driver_api.static.*)))
                0x0000000000002438                _dai_driver_api_list_end = .

display_driver_api_area
                0x0000000000002438        0x0
                0x0000000000002438                _display_driver_api_list_start = .
 *(SORT_BY_NAME(SORT_BY_ALIGNMENT(._display_driver_api.static.*)))
                0x0000000000002438                _display_driver_api_list_end = .

dma_driver_api_area
                0x0000000000002438        0x0
                0x0000000000002438                _dma_driver_api_list_start = .
 *(SORT_BY_NAME(SORT_BY_ALIGNMENT(._dma_driver_api.static.*)))
                0x0000000000002438                _dma_driver_api_list_end = .

edac_driver_api_area
                0x0000000000002438        0x0
                0x0000000000002438                _edac_driver_api_list_start = .
 *(SORT_BY_NAME(SORT_BY_ALIGNMENT(._edac_driver_api.static.*)))
                0x0000000000002438                _edac_driver_api_list_end = .

eeprom_driver_api_area
                0x0000000000002438        0x0
                0x0000000000002438                _eeprom_driver_api_list_start = .
 *(SORT_BY_NAME(SORT_BY_ALIGNMENT(._eeprom_driver_api.static.*)))
                0x0000000000002438                _eeprom_driver_api_list_end = .

emul_bbram_driver_api_area
                0x0000000000002438        0x0
                0x0000000000002438                _emul_bbram_driver_api_list_start = .
 *(SORT_BY_NAME(SORT_BY_ALIGNMENT(._emul_bbram_driver_api.static.*)))
                0x0000000000002438                _emul_bbram_driver_api_list_end = .

fuel_gauge_emul_driver_api_area
                0x0000000000002438        0x0
                0x0000000000002438                _fuel_gauge_emul_driver_api_list_start = .
 *(SORT_BY_NAME(SORT_BY_ALIGNMENT(._fuel_gauge_emul_driver_api.static.*)))
                0x0000000000002438                _fuel_gauge_emul_driver_api_list_end = .

emul_sensor_driver_api_area
                0x0000000000002438        0x0
                0x0000000000002438                _emul_sensor_driver_api_list_start = .
 *(SORT_BY_NAME(SORT_BY_ALIGNMENT(._emul_sensor_driver_api.static.*)))
                0x0000000000002438                _emul_sensor_driver_api_list_end = .

entropy_driver_api_area
                0x0000000000002438        0x0
                0x0000000000002438                _entropy_driver_api_list_start = .
 *(SORT_BY_NAME(SORT_BY_ALIGNMENT(._entropy_driver_api.static.*)))
                0x0000000000002438                _entropy_driver_api_list_end = .

espi_driver_api_area
                0x0000000000002438        0x0
                0x0000000000002438                _espi_driver_api_list_start = .
 *(SORT_BY_NAME(SORT_BY_ALIGNMENT(._espi_driver_api.static.*)))
                0x0000000000002438                _espi_driver_api_list_end = .

espi_saf_driver_api_area
                0x0000000000002438        0x0
                0x0000000000002438                _espi_saf_driver_api_list_start = .
 *(SORT_BY_NAME(SORT_BY_ALIGNMENT(._espi_saf_driver_api.static.*)))
                0x0000000000002438                _espi_saf_driver_api_list_end = .

flash_driver_api_area
                0x0000000000002438        0x0
                0x0000000000002438                _flash_driver_api_list_start = .
 *(SORT_BY_NAME(SORT_BY_ALIGNMENT(._flash_driver_api.static.*)))
                0x0000000000002438                _flash_driver_api_list_end = .

fpga_driver_api_area
                0x0000000000002438        0x0
                0x0000000000002438                _fpga_driver_api_list_start = .
 *(SORT_BY_NAME(SORT_BY_ALIGNMENT(._fpga_driver_api.static.*)))
                0x0000000000002438                _fpga_driver_api_list_end = .

fuel_gauge_driver_api_area
                0x0000000000002438        0x0
                0x0000000000002438                _fuel_gauge_driver_api_list_start = .
 *(SORT_BY_NAME(SORT_BY_ALIGNMENT(._fuel_gauge_driver_api.static.*)))
                0x0000000000002438                _fuel_gauge_driver_api_list_end = .

gnss_driver_api_area
                0x0000000000002438        0x0
                0x0000000000002438                _gnss_driver_api_list_start = .
 *(SORT_BY_NAME(SORT_BY_ALIGNMENT(._gnss_driver_api.static.*)))
                0x0000000000002438                _gnss_driver_api_list_end = .

gpio_driver_api_area
                0x0000000000002438        0x0
                0x0000000000002438                _gpio_driver_api_list_start = .
 *(SORT_BY_NAME(SORT_BY_ALIGNMENT(._gpio_driver_api.static.*)))
                0x0000000000002438                _gpio_driver_api_list_end = .

haptics_driver_api_area
                0x0000000000002438        0x0
                0x0000000000002438                _haptics_driver_api_list_start = .
 *(SORT_BY_NAME(SORT_BY_ALIGNMENT(._haptics_driver_api.static.*)))
                0x0000000000002438                _haptics_driver_api_list_end = .

hwspinlock_driver_api_area
                0x0000000000002438        0x0
                0x0000000000002438                _hwspinlock_driver_api_list_start = .
 *(SORT_BY_NAME(SORT_BY_ALIGNMENT(._hwspinlock_driver_api.static.*)))
                0x0000000000002438                _hwspinlock_driver_api_list_end = .

i2c_driver_api_area
                0x0000000000002438        0x0
                0x0000000000002438                _i2c_driver_api_list_start = .
 *(SORT_BY_NAME(SORT_BY_ALIGNMENT(._i2c_driver_api.static.*)))
                0x0000000000002438                _i2c_driver_api_list_end = .

i2c_target_driver_api_area
                0x0000000000002438        0x0
                0x0000000000002438                _i2c_target_driver_api_list_start = .
 *(SORT_BY_NAME(SORT_BY_ALIGNMENT(._i2c_target_driver_api.static.*)))
                0x0000000000002438                _i2c_target_driver_api_list_end = .

i2s_driver_api_area
                0x0000000000002438        0x0
                0x0000000000002438                _i2s_driver_api_list_start = .
 *(SORT_BY_NAME(SORT_BY_ALIGNMENT(._i2s_driver_api.static.*)))
                0x0000000000002438                _i2s_driver_api_list_end = .

i3c_driver_api_area
                0x0000000000002438        0x0
                0x0000000000002438                _i3c_driver_api_list_start = .
 *(SORT_BY_NAME(SORT_BY_ALIGNMENT(._i3c_driver_api.static.*)))
                0x0000000000002438                _i3c_driver_api_list_end = .

ipm_driver_api_area
                0x0000000000002438        0x0
                0x0000000000002438                _ipm_driver_api_list_start = .
 *(SORT_BY_NAME(SORT_BY_ALIGNMENT(._ipm_driver_api.static.*)))
                0x0000000000002438                _ipm_driver_api_list_end = .

led_driver_api_area
                0x0000000000002438        0x0
                0x0000000000002438                _led_driver_api_list_start = .
 *(SORT_BY_NAME(SORT_BY_ALIGNMENT(._led_driver_api.static.*)))
                0x0000000000002438                _led_driver_api_list_end = .

led_strip_driver_api_area
                0x0000000000002438        0x0
                0x0000000000002438                _led_strip_driver_api_list_start = .
 *(SORT_BY_NAME(SORT_BY_ALIGNMENT(._led_strip_driver_api.static.*)))
                0x0000000000002438                _led_strip_driver_api_list_end = .

lora_driver_api_area
                0x0000000000002438        0x0
                0x0000000000002438                _lora_driver_api_list_start = .
 *(SORT_BY_NAME(SORT_BY_ALIGNMENT(._lora_driver_api.static.*)))
                0x0000000000002438                _lora_driver_api_list_end = .

mbox_driver_api_area
                0x0000000000002438        0x0
                0x0000000000002438                _mbox_driver_api_list_start = .
 *(SORT_BY_NAME(SORT_BY_ALIGNMENT(._mbox_driver_api.static.*)))
                0x0000000000002438                _mbox_driver_api_list_end = .

mdio_driver_api_area
                0x0000000000002438        0x0
                0x0000000000002438                _mdio_driver_api_list_start = .
 *(SORT_BY_NAME(SORT_BY_ALIGNMENT(._mdio_driver_api.static.*)))
                0x0000000000002438                _mdio_driver_api_list_end = .

mipi_dbi_driver_api_area
                0x0000000000002438        0x0
                0x0000000000002438                _mipi_dbi_driver_api_list_start = .
 *(SORT_BY_NAME(SORT_BY_ALIGNMENT(._mipi_dbi_driver_api.static.*)))
                0x0000000000002438                _mipi_dbi_driver_api_list_end = .

mipi_dsi_driver_api_area
                0x0000000000002438        0x0
                0x0000000000002438                _mipi_dsi_driver_api_list_start = .
 *(SORT_BY_NAME(SORT_BY_ALIGNMENT(._mipi_dsi_driver_api.static.*)))
                0x0000000000002438                _mipi_dsi_driver_api_list_end = .

mspi_driver_api_area
                0x0000000000002438        0x0
                0x0000000000002438                _mspi_driver_api_list_start = .
 *(SORT_BY_NAME(SORT_BY_ALIGNMENT(._mspi_driver_api.static.*)))
                0x0000000000002438                _mspi_driver_api_list_end = .

opamp_driver_api_area
                0x0000000000002438        0x0
                0x0000000000002438                _opamp_driver_api_list_start = .
 *(SORT_BY_NAME(SORT_BY_ALIGNMENT(._opamp_driver_api.static.*)))
                0x0000000000002438                _opamp_driver_api_list_end = .

peci_driver_api_area
                0x0000000000002438        0x0
                0x0000000000002438                _peci_driver_api_list_start = .
 *(SORT_BY_NAME(SORT_BY_ALIGNMENT(._peci_driver_api.static.*)))
                0x0000000000002438                _peci_driver_api_list_end = .

ps2_driver_api_area
                0x0000000000002438        0x0
                0x0000000000002438                _ps2_driver_api_list_start = .
 *(SORT_BY_NAME(SORT_BY_ALIGNMENT(._ps2_driver_api.static.*)))
                0x0000000000002438                _ps2_driver_api_list_end = .

ptp_clock_driver_api_area
                0x0000000000002438        0x0
                0x0000000000002438                _ptp_clock_driver_api_list_start = .
 *(SORT_BY_NAME(SORT_BY_ALIGNMENT(._ptp_clock_driver_api.static.*)))
                0x0000000000002438                _ptp_clock_driver_api_list_end = .

pwm_driver_api_area
                0x0000000000002438        0x0
                0x0000000000002438                _pwm_driver_api_list_start = .
 *(SORT_BY_NAME(SORT_BY_ALIGNMENT(._pwm_driver_api.static.*)))
                0x0000000000002438                _pwm_driver_api_list_end = .

regulator_parent_driver_api_area
                0x0000000000002438        0x0
                0x0000000000002438                _regulator_parent_driver_api_list_start = .
 *(SORT_BY_NAME(SORT_BY_ALIGNMENT(._regulator_parent_driver_api.static.*)))
                0x0000000000002438                _regulator_parent_driver_api_list_end = .

regulator_driver_api_area
                0x0000000000002438        0x0
                0x0000000000002438                _regulator_driver_api_list_start = .
 *(SORT_BY_NAME(SORT_BY_ALIGNMENT(._regulator_driver_api.static.*)))
                0x0000000000002438                _regulator_driver_api_list_end = .

reset_driver_api_area
                0x0000000000002438        0x0
                0x0000000000002438                _reset_driver_api_list_start = .
 *(SORT_BY_NAME(SORT_BY_ALIGNMENT(._reset_driver_api.static.*)))
                0x0000000000002438                _reset_driver_api_list_end = .

retained_mem_driver_api_area
                0x0000000000002438        0x0
                0x0000000000002438                _retained_mem_driver_api_list_start = .
 *(SORT_BY_NAME(SORT_BY_ALIGNMENT(._retained_mem_driver_api.static.*)))
                0x0000000000002438                _retained_mem_driver_api_list_end = .

rtc_driver_api_area
                0x0000000000002438        0x0
                0x0000000000002438                _rtc_driver_api_list_start = .
 *(SORT_BY_NAME(SORT_BY_ALIGNMENT(._rtc_driver_api.static.*)))
                0x0000000000002438                _rtc_driver_api_list_end = .

sdhc_driver_api_area
                0x0000000000002438        0x0
                0x0000000000002438                _sdhc_driver_api_list_start = .
 *(SORT_BY_NAME(SORT_BY_ALIGNMENT(._sdhc_driver_api.static.*)))
                0x0000000000002438                _sdhc_driver_api_list_end = .

sensor_driver_api_area
                0x0000000000002438        0x0
                0x0000000000002438                _sensor_driver_api_list_start = .
 *(SORT_BY_NAME(SORT_BY_ALIGNMENT(._sensor_driver_api.static.*)))
                0x0000000000002438                _sensor_driver_api_list_end = .

smbus_driver_api_area
                0x0000000000002438        0x0
                0x0000000000002438                _smbus_driver_api_list_start = .
 *(SORT_BY_NAME(SORT_BY_ALIGNMENT(._smbus_driver_api.static.*)))
                0x0000000000002438                _smbus_driver_api_list_end = .

spi_driver_api_area
                0x0000000000002438        0x0
                0x0000000000002438                _spi_driver_api_list_start = .
 *(SORT_BY_NAME(SORT_BY_ALIGNMENT(._spi_driver_api.static.*)))
                0x0000000000002438                _spi_driver_api_list_end = .

stepper_driver_api_area
                0x0000000000002438        0x0
                0x0000000000002438                _stepper_driver_api_list_start = .
 *(SORT_BY_NAME(SORT_BY_ALIGNMENT(._stepper_driver_api.static.*)))
                0x0000000000002438                _stepper_driver_api_list_end = .

syscon_driver_api_area
                0x0000000000002438        0x0
                0x0000000000002438                _syscon_driver_api_list_start = .
 *(SORT_BY_NAME(SORT_BY_ALIGNMENT(._syscon_driver_api.static.*)))
                0x0000000000002438                _syscon_driver_api_list_end = .

tee_driver_api_area
                0x0000000000002438        0x0
                0x0000000000002438                _tee_driver_api_list_start = .
 *(SORT_BY_NAME(SORT_BY_ALIGNMENT(._tee_driver_api.static.*)))
                0x0000000000002438                _tee_driver_api_list_end = .

video_driver_api_area
                0x0000000000002438        0x0
                0x0000000000002438                _video_driver_api_list_start = .
 *(SORT_BY_NAME(SORT_BY_ALIGNMENT(._video_driver_api.static.*)))
                0x0000000000002438                _video_driver_api_list_end = .

virtio_driver_api_area
                0x0000000000002438        0x0
                0x0000000000002438                _virtio_driver_api_list_start = .
 *(SORT_BY_NAME(SORT_BY_ALIGNMENT(._virtio_driver_api.static.*)))
                0x0000000000002438                _virtio_driver_api_list_end = .

w1_driver_api_area
                0x0000000000002438        0x0
                0x0000000000002438                _w1_driver_api_list_start = .
 *(SORT_BY_NAME(SORT_BY_ALIGNMENT(._w1_driver_api.static.*)))
                0x0000000000002438                _w1_driver_api_list_end = .

wdt_driver_api_area
                0x0000000000002438        0x0
                0x0000000000002438                _wdt_driver_api_list_start = .
 *(SORT_BY_NAME(SORT_BY_ALIGNMENT(._wdt_driver_api.static.*)))
                0x0000000000002438                _wdt_driver_api_list_end = .

can_transceiver_driver_api_area
                0x0000000000002438        0x0
                0x0000000000002438                _can_transceiver_driver_api_list_start = .
 *(SORT_BY_NAME(SORT_BY_ALIGNMENT(._can_transceiver_driver_api.static.*)))
                0x0000000000002438                _can_transceiver_driver_api_list_end = .

nrf_clock_control_driver_api_area
                0x0000000000002438        0x0
                0x0000000000002438                _nrf_clock_control_driver_api_list_start = .
 *(SORT_BY_NAME(SORT_BY_ALIGNMENT(._nrf_clock_control_driver_api.static.*)))
                0x0000000000002438                _nrf_clock_control_driver_api_list_end = .

i3c_target_driver_api_area
                0x0000000000002438        0x0
                0x0000000000002438                _i3c_target_driver_api_list_start = .
 *(SORT_BY_NAME(SORT_BY_ALIGNMENT(._i3c_target_driver_api.static.*)))
                0x0000000000002438                _i3c_target_driver_api_list_end = .

its_driver_api_area
                0x0000000000002438        0x0
                0x0000000000002438                _its_driver_api_list_start = .
 *(SORT_BY_NAME(SORT_BY_ALIGNMENT(._its_driver_api.static.*)))
                0x0000000000002438                _its_driver_api_list_end = .

vtd_driver_api_area
                0x0000000000002438        0x0
                0x0000000000002438                _vtd_driver_api_list_start = .
 *(SORT_BY_NAME(SORT_BY_ALIGNMENT(._vtd_driver_api.static.*)))
                0x0000000000002438                _vtd_driver_api_list_end = .

renesas_elc_driver_api_area
                0x0000000000002438        0x0
                0x0000000000002438                _renesas_elc_driver_api_list_start = .
 *(SORT_BY_NAME(SORT_BY_ALIGNMENT(._renesas_elc_driver_api.static.*)))
                0x0000000000002438                _renesas_elc_driver_api_list_end = .

tgpio_driver_api_area
                0x0000000000002438        0x0
                0x0000000000002438                _tgpio_driver_api_list_start = .
 *(SORT_BY_NAME(SORT_BY_ALIGNMENT(._tgpio_driver_api.static.*)))
                0x0000000000002438                _tgpio_driver_api_list_end = .

pcie_ctrl_driver_api_area
                0x0000000000002438        0x0
                0x0000000000002438                _pcie_ctrl_driver_api_list_start = .
 *(SORT_BY_NAME(SORT_BY_ALIGNMENT(._pcie_ctrl_driver_api.static.*)))
                0x0000000000002438                _pcie_ctrl_driver_api_list_end = .

pcie_ep_driver_api_area
                0x0000000000002438        0x0
                0x0000000000002438                _pcie_ep_driver_api_list_start = .
 *(SORT_BY_NAME(SORT_BY_ALIGNMENT(._pcie_ep_driver_api.static.*)))
                0x0000000000002438                _pcie_ep_driver_api_list_end = .

psi5_driver_api_area
                0x0000000000002438        0x0
                0x0000000000002438                _psi5_driver_api_list_start = .
 *(SORT_BY_NAME(SORT_BY_ALIGNMENT(._psi5_driver_api.static.*)))
                0x0000000000002438                _psi5_driver_api_list_end = .

sent_driver_api_area
                0x0000000000002438        0x0
                0x0000000000002438                _sent_driver_api_list_start = .
 *(SORT_BY_NAME(SORT_BY_ALIGNMENT(._sent_driver_api.static.*)))
                0x0000000000002438                _sent_driver_api_list_end = .

svc_driver_api_area
                0x0000000000002438        0x0
                0x0000000000002438                _svc_driver_api_list_start = .
 *(SORT_BY_NAME(SORT_BY_ALIGNMENT(._svc_driver_api.static.*)))
                0x0000000000002438                _svc_driver_api_list_end = .

uart_driver_api_area
                0x0000000000002438       0x14
                0x0000000000002438                _uart_driver_api_list_start = .
 *(SORT_BY_NAME(SORT_BY_ALIGNMENT(._uart_driver_api.static.*)))
 ._uart_driver_api.static.uart_stellaris_driver_api_
                0x0000000000002438       0x14 zephyr/drivers/serial/libdrivers__serial.a(uart_stellaris.c.obj)
                0x000000000000244c                _uart_driver_api_list_end = .

bc12_emul_driver_api_area
                0x000000000000244c        0x0
                0x000000000000244c                _bc12_emul_driver_api_list_start = .
 *(SORT_BY_NAME(SORT_BY_ALIGNMENT(._bc12_emul_driver_api.static.*)))
                0x000000000000244c                _bc12_emul_driver_api_list_end = .

bc12_driver_api_area
                0x000000000000244c        0x0
                0x000000000000244c                _bc12_driver_api_list_start = .
 *(SORT_BY_NAME(SORT_BY_ALIGNMENT(._bc12_driver_api.static.*)))
                0x000000000000244c                _bc12_driver_api_list_end = .

usbc_ppc_driver_api_area
                0x000000000000244c        0x0
                0x000000000000244c                _usbc_ppc_driver_api_list_start = .
 *(SORT_BY_NAME(SORT_BY_ALIGNMENT(._usbc_ppc_driver_api.static.*)))
                0x000000000000244c                _usbc_ppc_driver_api_list_end = .

tcpc_driver_api_area
                0x000000000000244c        0x0
                0x000000000000244c                _tcpc_driver_api_list_start = .
 *(SORT_BY_NAME(SORT_BY_ALIGNMENT(._tcpc_driver_api.static.*)))
                0x000000000000244c                _tcpc_driver_api_list_end = .

usbc_vbus_driver_api_area
                0x000000000000244c        0x0
                0x000000000000244c                _usbc_vbus_driver_api_list_start = .
 *(SORT_BY_NAME(SORT_BY_ALIGNMENT(._usbc_vbus_driver_api.static.*)))
                0x000000000000244c                _usbc_vbus_driver_api_list_end = .

ivshmem_driver_api_area
                0x000000000000244c        0x0
                0x000000000000244c                _ivshmem_driver_api_list_start = .
 *(SORT_BY_NAME(SORT_BY_ALIGNMENT(._ivshmem_driver_api.static.*)))
                0x000000000000244c                _ivshmem_driver_api_list_end = .

ethphy_driver_api_area
                0x000000000000244c        0x0
                0x000000000000244c                _ethphy_driver_api_list_start = .
 *(SORT_BY_NAME(SORT_BY_ALIGNMENT(._ethphy_driver_api.static.*)))
                0x000000000000244c                _ethphy_driver_api_list_end = .

ztest           0x000000000000244c        0x0
                0x000000000000244c                _ztest_expected_result_entry_list_start = .
 *(SORT_BY_NAME(SORT_BY_ALIGNMENT(._ztest_expected_result_entry.static.*)))
                0x000000000000244c                _ztest_expected_result_entry_list_end = .
                0x000000000000244c                _ztest_suite_node_list_start = .
 *(SORT_BY_NAME(SORT_BY_ALIGNMENT(._ztest_suite_node.static.*)))
                0x000000000000244c                _ztest_suite_node_list_end = .
                0x000000000000244c                _ztest_unit_test_list_start = .
 *(SORT_BY_NAME(SORT_BY_ALIGNMENT(._ztest_unit_test.static.*)))
                0x000000000000244c                _ztest_unit_test_list_end = .
                0x000000000000244c                _ztest_test_rule_list_start = .
 *(SORT_BY_NAME(SORT_BY_ALIGNMENT(._ztest_test_rule.static.*)))
                0x000000000000244c                _ztest_test_rule_list_end = .

init_array      0x000000000000244c        0x0
                0x000000000000244c                __zephyr_init_array_start = .
 *(SORT_BY_INIT_PRIORITY(.init_array.*) SORT_BY_INIT_PRIORITY(.ctors.*))
 *(SORT_BY_ALIGNMENT(.init_array) SORT_BY_ALIGNMENT(.ctors))
                0x000000000000244c                __zephyr_init_array_end = .
                0x0000000000000001                ASSERT ((__zephyr_init_array_start == __zephyr_init_array_end), GNU-style constructors required but STATIC_INIT_GNU not enabled)

bt_l2cap_fixed_chan_area
                0x000000000000244c        0x0
                0x000000000000244c                _bt_l2cap_fixed_chan_list_start = .
 *(SORT_BY_NAME(SORT_BY_ALIGNMENT(._bt_l2cap_fixed_chan.static.*)))
                0x000000000000244c                _bt_l2cap_fixed_chan_list_end = .

bt_gatt_service_static_area
                0x000000000000244c        0x0
                0x000000000000244c                _bt_gatt_service_static_list_start = .
 *(SORT_BY_NAME(SORT_BY_ALIGNMENT(._bt_gatt_service_static.static.*)))
                0x000000000000244c                _bt_gatt_service_static_list_end = .

log_strings_area
                0x000000000000244c        0x0
                0x000000000000244c                _log_strings_list_start = .
 *(SORT_BY_NAME(SORT_BY_ALIGNMENT(._log_strings.static.*)))
                0x000000000000244c                _log_strings_list_end = .

log_stmesp_ptr_area
                0x000000000000244c        0x0
                0x000000000000244c                _log_stmesp_ptr_list_start = .
 *(SORT_BY_NAME(SORT_BY_ALIGNMENT(._log_stmesp_ptr.static.*)))
                0x000000000000244c                _log_stmesp_ptr_list_end = .

log_stmesp_str_area
                0x000000000000244c        0x0
                0x000000000000244c                _log_stmesp_str_list_start = .
 *(SORT_BY_NAME(SORT_BY_ALIGNMENT(._log_stmesp_str.static.*)))
                0x000000000000244c                _log_stmesp_str_list_end = .

log_const_area  0x000000000000244c        0x0
                0x000000000000244c                _log_const_list_start = .
 *(SORT_BY_NAME(SORT_BY_ALIGNMENT(._log_const.static.*)))
                0x000000000000244c                _log_const_list_end = .

log_backend_area
                0x000000000000244c        0x0
                0x000000000000244c                _log_backend_list_start = .
 *(SORT_BY_NAME(SORT_BY_ALIGNMENT(._log_backend.static.*)))
                0x000000000000244c                _log_backend_list_end = .

log_link_area   0x000000000000244c        0x0
                0x000000000000244c                _log_link_list_start = .
 *(SORT_BY_NAME(SORT_BY_ALIGNMENT(._log_link.static.*)))
                0x000000000000244c                _log_link_list_end = .

tracing_backend_area
                0x000000000000244c        0x0
                0x000000000000244c                _tracing_backend_list_start = .
 *(SORT_BY_NAME(SORT_BY_ALIGNMENT(._tracing_backend.static.*)))
                0x000000000000244c                _tracing_backend_list_end = .

zephyr_dbg_info
 *(SORT_BY_ALIGNMENT(.dbg_thread_info))

intc_table_area
                0x000000000000244c        0x0
                0x000000000000244c                _intc_table_list_start = .
 *(SORT_BY_NAME(SORT_BY_ALIGNMENT(._intc_table.static.*)))
                0x000000000000244c                _intc_table_list_end = .

symbol_to_keep  0x000000000000244c        0x0
                0x000000000000244c                __symbol_to_keep_start = .
 *(SORT_BY_NAME(SORT_BY_ALIGNMENT(.symbol_to_keep*)))
                0x000000000000244c                __symbol_to_keep_end = .

shell_area      0x000000000000244c        0x0
                0x000000000000244c                _shell_list_start = .
 *(SORT_BY_NAME(SORT_BY_ALIGNMENT(._shell.static.*)))
                0x000000000000244c                _shell_list_end = .

shell_root_cmds_area
                0x000000000000244c        0x0
                0x000000000000244c                _shell_root_cmds_list_start = .
 *(SORT_BY_NAME(SORT_BY_ALIGNMENT(._shell_root_cmds.static.*)))
                0x000000000000244c                _shell_root_cmds_list_end = .

shell_subcmds_area
                0x000000000000244c        0x0
                0x000000000000244c                _shell_subcmds_list_start = .
 *(SORT_BY_NAME(SORT_BY_ALIGNMENT(._shell_subcmds.static.*)))
                0x000000000000244c                _shell_subcmds_list_end = .

shell_dynamic_subcmds_area
                0x000000000000244c        0x0
                0x000000000000244c                _shell_dynamic_subcmds_list_start = .
 *(SORT_BY_NAME(SORT_BY_ALIGNMENT(._shell_dynamic_subcmds.static.*)))
                0x000000000000244c                _shell_dynamic_subcmds_list_end = .

cfb_font_area   0x000000000000244c        0x0
                0x000000000000244c                _cfb_font_list_start = .
 *(SORT_BY_NAME(SORT_BY_ALIGNMENT(._cfb_font.static.*)))
                0x000000000000244c                _cfb_font_list_end = .

tdata           0x000000000000244c        0x0
 *(SORT_BY_ALIGNMENT(.tdata) SORT_BY_ALIGNMENT(.tdata.*) SORT_BY_ALIGNMENT(.gnu.linkonce.td.*))

tbss            0x000000000000244c        0x4
 *(SORT_BY_ALIGNMENT(.tbss) SORT_BY_ALIGNMENT(.tbss.*) SORT_BY_ALIGNMENT(.gnu.linkonce.tb.*) SORT_BY_ALIGNMENT(.tcommon))
 .tbss.z_tls_current
                0x000000000000244c        0x4 zephyr/libzephyr.a(thread_entry.c.obj)
                0x000000000000244c                z_tls_current
                0x000000000000244c                PROVIDE (__tdata_start = LOADADDR (tdata))
                0x0000000000000001                PROVIDE (__tdata_align = ALIGNOF (tdata))
                0x0000000000000000                PROVIDE (__tdata_size = (((SIZEOF (tdata) + __tdata_align) - 0x1) & ~ ((__tdata_align - 0x1))))
                [!provide]                        PROVIDE (__tdata_end = (__tdata_start + __tdata_size))
                0x0000000000000004                PROVIDE (__tbss_align = ALIGNOF (tbss))
                [!provide]                        PROVIDE (__tbss_start = ADDR (tbss))
                0x0000000000000004                PROVIDE (__tbss_size = (((SIZEOF (tbss) + __tbss_align) - 0x1) & ~ ((__tbss_align - 0x1))))
                [!provide]                        PROVIDE (__tbss_end = (__tbss_start + __tbss_size))
                [!provide]                        PROVIDE (__tls_start = __tdata_start)
                [!provide]                        PROVIDE (__tls_end = __tbss_end)
                [!provide]                        PROVIDE (__tls_size = (__tbss_end - __tdata_start))

rodata          0x000000000000244c      0x5c8
 *(SORT_BY_ALIGNMENT(.rodata))
 *(SORT_BY_ALIGNMENT(.rodata.*))
 .rodata.uart_stellaris_dev_cfg_2
                0x000000000000244c        0x8 zephyr/drivers/serial/libdrivers__serial.a(uart_stellaris.c.obj)
 .rodata.uart_stellaris_dev_cfg_0
                0x0000000000002454        0x8 zephyr/drivers/serial/libdrivers__serial.a(uart_stellaris.c.obj)
 .rodata.levels.0
                0x000000000000245c       0x18 zephyr/kernel/libkernel.a(init.c.obj)
 .rodata.main.str1.1
                0x0000000000002474       0x7c app/libapp.a(main.c.obj)
 .rodata.engine_init.str1.1
                0x00000000000024f0       0x1b app/libapp.a(engine.c.obj)
 .rodata.ecu_processing.str1.1
                0x000000000000250b       0x38 app/libapp.a(engine.c.obj)
 .rodata.sensors_init.str1.1
                0x0000000000002543       0x1c app/libapp.a(sensors.c.obj)
 .rodata.actuators_init.str1.1
                0x000000000000255f       0x1e app/libapp.a(actuators.c.obj)
 .rodata.can_comm_init.str1.1
                0x000000000000257d       0x1f app/libapp.a(can_comm.c.obj)
 .rodata.send_engine_data.str1.1
                0x000000000000259c       0x22 app/libapp.a(can_comm.c.obj)
 .rodata.z_arm_fatal_error.str1.1
                0x00000000000025be       0xb3 zephyr/arch/arch/arm/core/libarch__arm__core.a(fatal.c.obj)
 .rodata.usage_fault.constprop.0.str1.1
                0x0000000000002671       0xd4 zephyr/arch/arch/arm/core/cortex_m/libarch__arm__core__cortex_m.a(fault.c.obj)
 .rodata.bus_fault.constprop.0.str1.1
                0x0000000000002745       0xa2 zephyr/arch/arch/arm/core/cortex_m/libarch__arm__core__cortex_m.a(fault.c.obj)
 .rodata.mem_manage_fault.constprop.0.str1.1
                0x00000000000027e7       0x9b zephyr/arch/arch/arm/core/cortex_m/libarch__arm__core__cortex_m.a(fault.c.obj)
 .rodata.z_arm_fault.str1.1
                0x0000000000002882      0x119 zephyr/arch/arch/arm/core/cortex_m/libarch__arm__core__cortex_m.a(fault.c.obj)
 .rodata.str1.1
                0x000000000000299b       0x2a zephyr/drivers/serial/libdrivers__serial.a(uart_stellaris.c.obj)
 .rodata.z_cstart.str1.1
                0x00000000000029c5        0x5 zephyr/kernel/libkernel.a(init.c.obj)
 .rodata.boot_banner.str1.1
                0x00000000000029ca       0x3b zephyr/kernel/libkernel.a(banner.c.obj)
 .rodata.__l_vfprintf.str1.1
                0x0000000000002a05        0xf /home/wael/zephyr-sdk-0.17.4/arm-zephyr-eabi/bin/../lib/gcc/../../picolibc/arm-zephyr-eabi/lib/thumb/v7-m/nofp/libc.a(libc_tinystdio_vflprintf.c.o)
 *(SORT_BY_ALIGNMENT(.gnu.linkonce.r.*))
                0x0000000000002a14                . = ALIGN (0x4)

/DISCARD/
 *(SORT_BY_ALIGNMENT(.eh_frame))
                0x0000000000002a14                __rodata_region_end = .
                0x0000000000002a14                . = ALIGN (_region_min_align)
                0x0000000000002a14                __rom_region_end = ((__rom_region_start + .) - ADDR (rom_start))
                0x0000000000002a14                __rom_region_size = (__rom_region_end - __rom_region_start)

/DISCARD/
 *(SORT_BY_ALIGNMENT(.got.plt))
 *(SORT_BY_ALIGNMENT(.igot.plt))
 *(SORT_BY_ALIGNMENT(.got))
 *(SORT_BY_ALIGNMENT(.igot))
                0x0000000020000000                . = 0x20000000
                0x0000000020000000                . = ALIGN (_region_min_align)
                0x0000000020000000                _image_ram_start = .

.ramfunc        0x0000000020000000        0x0 load address 0x0000000000002a14
                0x0000000020000000                __ramfunc_region_start = .
                0x0000000020000000                . = ALIGN (_region_min_align)
                0x0000000020000000                __ramfunc_start = .
 *(SORT_BY_ALIGNMENT(.ramfunc))
 *(SORT_BY_ALIGNMENT(.ramfunc.*))
                0x0000000020000000                . = ALIGN (_region_min_align)
                0x0000000020000000                __ramfunc_end = .
                0x0000000000000000                __ramfunc_size = (__ramfunc_end - __ramfunc_start)
                0x0000000000002a14                __ramfunc_load_start = LOADADDR (.ramfunc)

datas           0x0000000020000000       0x34 load address 0x0000000000002a14
                0x0000000020000000                __data_region_start = .
                0x0000000020000000                __data_start = .
 *(SORT_BY_ALIGNMENT(.data))
 *(SORT_BY_ALIGNMENT(.data.*))
 .data._char_out
                0x0000000020000000        0x4 zephyr/libzephyr.a(printk.c.obj)
 .data.__stdout
                0x0000000020000004       0x10 zephyr/lib/libc/picolibc/liblib__libc__picolibc.a(stdio.c.obj)
 .data.uart_stellaris_dev_data_2
                0x0000000020000014        0x4 zephyr/drivers/serial/libdrivers__serial.a(uart_stellaris.c.obj)
 .data.uart_stellaris_dev_data_1
                0x0000000020000018        0x4 zephyr/drivers/serial/libdrivers__serial.a(uart_stellaris.c.obj)
 .data.uart_stellaris_dev_cfg_1
                0x000000002000001c        0x8 zephyr/drivers/serial/libdrivers__serial.a(uart_stellaris.c.obj)
 .data.uart_stellaris_dev_data_0
                0x0000000020000024        0x4 zephyr/drivers/serial/libdrivers__serial.a(uart_stellaris.c.obj)
 .data.slice_ticks
                0x0000000020000028        0x4 zephyr/kernel/libkernel.a(timeslicing.c.obj)
 .data.timeout_list
                0x000000002000002c        0x8 zephyr/kernel/libkernel.a(timeout.c.obj)
 *(SORT_BY_ALIGNMENT(.kernel.*))
                0x0000000020000034                __data_end = .
                0x0000000000000034                __data_size = (__data_end - __data_start)
                0x0000000000002a14                __data_load_start = LOADADDR (datas)
                0x0000000000002a14                __data_region_load_start = LOADADDR (datas)

device_states   0x0000000020000034        0x8 load address 0x0000000000002a48
                0x0000000020000034                . = ALIGN (0x4)
                0x0000000020000034                __device_states_start = .
 *(SORT_BY_ALIGNMENT(.z_devstate))
 .z_devstate    0x0000000020000034        0x6 zephyr/drivers/serial/libdrivers__serial.a(uart_stellaris.c.obj)
 *(SORT_BY_ALIGNMENT(.z_devstate.*))
                0x000000002000003a                __device_states_end = .
                0x000000002000003c                . = ALIGN (0x4)
 *fill*         0x000000002000003a        0x2 

log_mpsc_pbuf_area
                0x000000002000003c        0x0 load address 0x0000000000002a50
                0x000000002000003c                _log_mpsc_pbuf_list_start = .
 *(SORT_BY_NAME(SORT_BY_ALIGNMENT(._log_mpsc_pbuf.static.*)))
                0x000000002000003c                _log_mpsc_pbuf_list_end = .

log_msg_ptr_area
                0x000000002000003c        0x0 load address 0x0000000000002a50
                0x000000002000003c                _log_msg_ptr_list_start = .
 *(SORT_BY_NAME(SORT_BY_ALIGNMENT(._log_msg_ptr.static.*)))
                0x000000002000003c                _log_msg_ptr_list_end = .

log_dynamic_area
                0x000000002000003c        0x0 load address 0x0000000000002a50
                0x000000002000003c                _log_dynamic_list_start = .
 *(SORT_BY_NAME(SORT_BY_ALIGNMENT(._log_dynamic.static.*)))
                0x000000002000003c                _log_dynamic_list_end = .

k_timer_area    0x000000002000003c        0x0 load address 0x0000000000002a50
                0x000000002000003c                _k_timer_list_start = .
 *(SORT_BY_NAME(SORT_BY_ALIGNMENT(._k_timer.static.*)))
                0x000000002000003c                _k_timer_list_end = .

k_mem_slab_area
                0x000000002000003c        0x0 load address 0x0000000000002a50
                0x000000002000003c                _k_mem_slab_list_start = .
 *(SORT_BY_NAME(SORT_BY_ALIGNMENT(._k_mem_slab.static.*)))
                0x000000002000003c                _k_mem_slab_list_end = .

k_heap_area     0x000000002000003c       0x14 load address 0x0000000000002a50
                0x000000002000003c                _k_heap_list_start = .
 *(SORT_BY_NAME(SORT_BY_ALIGNMENT(._k_heap.static.*)))
 ._k_heap.static._system_heap_
                0x000000002000003c       0x14 zephyr/kernel/libkernel.a(mempool.c.obj)
                0x000000002000003c                _system_heap
                0x0000000020000050                _k_heap_list_end = .

k_mutex_area    0x0000000020000050        0x0 load address 0x0000000000002a64
                0x0000000020000050                _k_mutex_list_start = .
 *(SORT_BY_NAME(SORT_BY_ALIGNMENT(._k_mutex.static.*)))
                0x0000000020000050                _k_mutex_list_end = .

k_stack_area    0x0000000020000050        0x0 load address 0x0000000000002a64
                0x0000000020000050                _k_stack_list_start = .
 *(SORT_BY_NAME(SORT_BY_ALIGNMENT(._k_stack.static.*)))
                0x0000000020000050                _k_stack_list_end = .

k_msgq_area     0x0000000020000050        0x0 load address 0x0000000000002a64
                0x0000000020000050                _k_msgq_list_start = .
 *(SORT_BY_NAME(SORT_BY_ALIGNMENT(._k_msgq.static.*)))
                0x0000000020000050                _k_msgq_list_end = .

k_mbox_area     0x0000000020000050        0x0 load address 0x0000000000002a64
                0x0000000020000050                _k_mbox_list_start = .
 *(SORT_BY_NAME(SORT_BY_ALIGNMENT(._k_mbox.static.*)))
                0x0000000020000050                _k_mbox_list_end = .

k_pipe_area     0x0000000020000050        0x0 load address 0x0000000000002a64
                0x0000000020000050                _k_pipe_list_start = .
 *(SORT_BY_NAME(SORT_BY_ALIGNMENT(._k_pipe.static.*)))
                0x0000000020000050                _k_pipe_list_end = .

k_sem_area      0x0000000020000050        0x0 load address 0x0000000000002a64
                0x0000000020000050                _k_sem_list_start = .
 *(SORT_BY_NAME(SORT_BY_ALIGNMENT(._k_sem.static.*)))
                0x0000000020000050                _k_sem_list_end = .

k_event_area    0x0000000020000050        0x0 load address 0x0000000000002a64
                0x0000000020000050                _k_event_list_start = .
 *(SORT_BY_NAME(SORT_BY_ALIGNMENT(._k_event.static.*)))
                0x0000000020000050                _k_event_list_end = .

k_queue_area    0x0000000020000050        0x0 load address 0x0000000000002a64
                0x0000000020000050                _k_queue_list_start = .
 *(SORT_BY_NAME(SORT_BY_ALIGNMENT(._k_queue.static.*)))
                0x0000000020000050                _k_queue_list_end = .

k_fifo_area     0x0000000020000050        0x0 load address 0x0000000000002a64
                0x0000000020000050                _k_fifo_list_start = .
 *(SORT_BY_NAME(SORT_BY_ALIGNMENT(._k_fifo.static.*)))
                0x0000000020000050                _k_fifo_list_end = .

k_lifo_area     0x0000000020000050        0x0 load address 0x0000000000002a64
                0x0000000020000050                _k_lifo_list_start = .
 *(SORT_BY_NAME(SORT_BY_ALIGNMENT(._k_lifo.static.*)))
                0x0000000020000050                _k_lifo_list_end = .

k_condvar_area  0x0000000020000050        0x0 load address 0x0000000000002a64
                0x0000000020000050                _k_condvar_list_start = .
 *(SORT_BY_NAME(SORT_BY_ALIGNMENT(._k_condvar.static.*)))
                0x0000000020000050                _k_condvar_list_end = .

sys_mem_blocks_ptr_area
                0x0000000020000050        0x0 load address 0x0000000000002a64
                0x0000000020000050                _sys_mem_blocks_ptr_list_start = .
 *(SORT_BY_NAME(SORT_BY_ALIGNMENT(._sys_mem_blocks_ptr.static.*)))
                0x0000000020000050                _sys_mem_blocks_ptr_list_end = .

net_buf_pool_area
                0x0000000020000050        0x0 load address 0x0000000000002a64
                0x0000000020000050                _net_buf_pool_list_start = .
 *(SORT_BY_NAME(SORT_BY_ALIGNMENT(._net_buf_pool.static.*)))
                0x0000000020000050                _net_buf_pool_list_end = .
                0x0000000020000050                __data_region_end = .

/DISCARD/
 *(SORT_BY_ALIGNMENT(.irq_info*))
 *(SORT_BY_ALIGNMENT(.intList*))

.stab
 *(SORT_BY_ALIGNMENT(.stab))

.stabstr
 *(SORT_BY_ALIGNMENT(.stabstr))

.stab.excl
 *(SORT_BY_ALIGNMENT(.stab.excl))

.stab.exclstr
 *(SORT_BY_ALIGNMENT(.stab.exclstr))

.stab.index
 *(SORT_BY_ALIGNMENT(.stab.index))

.stab.indexstr
 *(SORT_BY_ALIGNMENT(.stab.indexstr))

.gnu.build.attributes
 *(SORT_BY_ALIGNMENT(.gnu.build.attributes) SORT_BY_ALIGNMENT(.gnu.build.attributes.*))

.comment        0x0000000000000000       0x20
 *(SORT_BY_ALIGNMENT(.comment))
 .comment       0x0000000000000000       0x20 zephyr/CMakeFiles/zephyr_final.dir/isr_tables.c.obj
                                         0x21 (size before relaxing)
 .comment       0x0000000000000020       0x21 zephyr/CMakeFiles/offsets.dir/./arch/arm/core/offsets/offsets.c.obj
 .comment       0x0000000000000020       0x21 app/libapp.a(main.c.obj)
 .comment       0x0000000000000020       0x21 app/libapp.a(engine.c.obj)
 .comment       0x0000000000000020       0x21 app/libapp.a(sensors.c.obj)
 .comment       0x0000000000000020       0x21 app/libapp.a(actuators.c.obj)
 .comment       0x0000000000000020       0x21 app/libapp.a(can_comm.c.obj)
 .comment       0x0000000000000020       0x21 zephyr/libzephyr.a(heap.c.obj)
 .comment       0x0000000000000020       0x21 zephyr/libzephyr.a(printk.c.obj)
 .comment       0x0000000000000020       0x21 zephyr/libzephyr.a(thread_entry.c.obj)
 .comment       0x0000000000000020       0x21 zephyr/libzephyr.a(last_section_id.c.obj)
 .comment       0x0000000000000020       0x21 zephyr/libzephyr.a(configs.c.obj)
 .comment       0x0000000000000020       0x21 zephyr/arch/common/libarch__common.a(init.c.obj)
 .comment       0x0000000000000020       0x21 zephyr/arch/common/libarch__common.a(xip.c.obj)
 .comment       0x0000000000000020       0x21 zephyr/arch/arch/arm/core/libarch__arm__core.a(fatal.c.obj)
 .comment       0x0000000000000020       0x21 zephyr/arch/arch/arm/core/libarch__arm__core.a(nmi.c.obj)
 .comment       0x0000000000000020       0x21 zephyr/arch/arch/arm/core/libarch__arm__core.a(tls.c.obj)
 .comment       0x0000000000000020       0x21 zephyr/arch/arch/arm/core/cortex_m/libarch__arm__core__cortex_m.a(exc_exit.c.obj)
 .comment       0x0000000000000020       0x21 zephyr/arch/arch/arm/core/cortex_m/libarch__arm__core__cortex_m.a(fault.c.obj)
 .comment       0x0000000000000020       0x21 zephyr/arch/arch/arm/core/cortex_m/libarch__arm__core__cortex_m.a(thread_abort.c.obj)
 .comment       0x0000000000000020       0x21 zephyr/arch/arch/arm/core/cortex_m/libarch__arm__core__cortex_m.a(irq_manage.c.obj)
 .comment       0x0000000000000020       0x21 zephyr/arch/arch/arm/core/cortex_m/libarch__arm__core__cortex_m.a(prep_c.c.obj)
 .comment       0x0000000000000020       0x21 zephyr/arch/arch/arm/core/cortex_m/libarch__arm__core__cortex_m.a(thread.c.obj)
 .comment       0x0000000000000020       0x21 zephyr/arch/arch/arm/core/cortex_m/libarch__arm__core__cortex_m.a(cpu_idle.c.obj)
 .comment       0x0000000000000020       0x21 zephyr/arch/arch/arm/core/cortex_m/libarch__arm__core__cortex_m.a(irq_init.c.obj)
 .comment       0x0000000000000020       0x21 zephyr/arch/arch/arm/core/cortex_m/libarch__arm__core__cortex_m.a(isr_wrapper.c.obj)
 .comment       0x0000000000000020       0x21 zephyr/lib/libc/picolibc/liblib__libc__picolibc.a(stdio.c.obj)
 .comment       0x0000000000000020       0x21 zephyr/lib/libc/common/liblib__libc__common.a(malloc.c.obj)
 .comment       0x0000000000000020       0x21 zephyr/soc/soc/ti_lm3s6965/libsoc__ti__lm3s6965.a(soc_config.c.obj)
 .comment       0x0000000000000020       0x21 zephyr/drivers/console/libdrivers__console.a(uart_console.c.obj)
 .comment       0x0000000000000020       0x21 zephyr/drivers/serial/libdrivers__serial.a(uart_stellaris.c.obj)
 .comment       0x0000000000000020       0x21 zephyr/drivers/timer/libdrivers__timer.a(cortex_m_systick.c.obj)
 .comment       0x0000000000000020       0x21 zephyr/kernel/libkernel.a(device.c.obj)
 .comment       0x0000000000000020       0x21 zephyr/kernel/libkernel.a(fatal.c.obj)
 .comment       0x0000000000000020       0x21 zephyr/kernel/libkernel.a(init.c.obj)
 .comment       0x0000000000000020       0x21 zephyr/kernel/libkernel.a(idle.c.obj)
 .comment       0x0000000000000020       0x21 zephyr/kernel/libkernel.a(thread.c.obj)
 .comment       0x0000000000000020       0x21 zephyr/kernel/libkernel.a(sched.c.obj)
 .comment       0x0000000000000020       0x21 zephyr/kernel/libkernel.a(timeslicing.c.obj)
 .comment       0x0000000000000020       0x21 zephyr/kernel/libkernel.a(timeout.c.obj)
 .comment       0x0000000000000020       0x21 zephyr/kernel/libkernel.a(mempool.c.obj)
 .comment       0x0000000000000020       0x21 zephyr/kernel/libkernel.a(banner.c.obj)
 .comment       0x0000000000000020       0x21 zephyr/kernel/libkernel.a(kheap.c.obj)

.debug
 *(SORT_BY_ALIGNMENT(.debug))

.line
 *(SORT_BY_ALIGNMENT(.line))

.debug_srcinfo
 *(SORT_BY_ALIGNMENT(.debug_srcinfo))

.debug_sfnames
 *(SORT_BY_ALIGNMENT(.debug_sfnames))

.debug_aranges  0x0000000000000000      0xb90
 *(SORT_BY_ALIGNMENT(.debug_aranges))
 .debug_aranges
                0x0000000000000000       0x20 zephyr/arch/arch/arm/core/libarch__arm__core.a(nmi_on_reset.S.obj)
 .debug_aranges
                0x0000000000000020       0x20 zephyr/arch/arch/arm/core/cortex_m/libarch__arm__core__cortex_m.a(fault_s.S.obj)
 .debug_aranges
                0x0000000000000040       0x20 zephyr/arch/arch/arm/core/cortex_m/libarch__arm__core__cortex_m.a(reset.S.obj)
 .debug_aranges
                0x0000000000000060       0x28 zephyr/arch/arch/arm/core/cortex_m/libarch__arm__core__cortex_m.a(swap_helper.S.obj)
 .debug_aranges
                0x0000000000000088       0x20 zephyr/arch/arch/arm/core/cortex_m/libarch__arm__core__cortex_m.a(__aeabi_read_tp.S.obj)
 .debug_aranges
                0x00000000000000a8       0x18 zephyr/CMakeFiles/zephyr_final.dir/isr_tables.c.obj
 .debug_aranges
                0x00000000000000c0       0x20 zephyr/CMakeFiles/offsets.dir/./arch/arm/core/offsets/offsets.c.obj
 .debug_aranges
                0x00000000000000e0       0x20 app/libapp.a(main.c.obj)
 .debug_aranges
                0x0000000000000100       0x38 app/libapp.a(engine.c.obj)
 .debug_aranges
                0x0000000000000138       0x38 app/libapp.a(sensors.c.obj)
 .debug_aranges
                0x0000000000000170       0x30 app/libapp.a(actuators.c.obj)
 .debug_aranges
                0x00000000000001a0       0x30 app/libapp.a(can_comm.c.obj)
 .debug_aranges
                0x00000000000001d0       0xa0 zephyr/libzephyr.a(heap.c.obj)
 .debug_aranges
                0x0000000000000270       0x50 zephyr/libzephyr.a(printk.c.obj)
 .debug_aranges
                0x00000000000002c0       0x20 zephyr/libzephyr.a(thread_entry.c.obj)
 .debug_aranges
                0x00000000000002e0       0x18 zephyr/libzephyr.a(last_section_id.c.obj)
 .debug_aranges
                0x00000000000002f8       0x20 zephyr/libzephyr.a(configs.c.obj)
 .debug_aranges
                0x0000000000000318       0x30 zephyr/arch/common/libarch__common.a(init.c.obj)
 .debug_aranges
                0x0000000000000348       0x20 zephyr/arch/common/libarch__common.a(xip.c.obj)
 .debug_aranges
                0x0000000000000368       0x30 zephyr/arch/arch/arm/core/libarch__arm__core.a(fatal.c.obj)
 .debug_aranges
                0x0000000000000398       0x20 zephyr/arch/arch/arm/core/libarch__arm__core.a(nmi.c.obj)
 .debug_aranges
                0x00000000000003b8       0x20 zephyr/arch/arch/arm/core/libarch__arm__core.a(tls.c.obj)
 .debug_aranges
                0x00000000000003d8       0x20 zephyr/arch/arch/arm/core/cortex_m/libarch__arm__core__cortex_m.a(exc_exit.c.obj)
 .debug_aranges
                0x00000000000003f8       0x40 zephyr/arch/arch/arm/core/cortex_m/libarch__arm__core__cortex_m.a(fault.c.obj)
 .debug_aranges
                0x0000000000000438       0x20 zephyr/arch/arch/arm/core/cortex_m/libarch__arm__core__cortex_m.a(thread_abort.c.obj)
 .debug_aranges
                0x0000000000000458       0x40 zephyr/arch/arch/arm/core/cortex_m/libarch__arm__core__cortex_m.a(irq_manage.c.obj)
 .debug_aranges
                0x0000000000000498       0x28 zephyr/arch/arch/arm/core/cortex_m/libarch__arm__core__cortex_m.a(prep_c.c.obj)
 .debug_aranges
                0x00000000000004c0       0x40 zephyr/arch/arch/arm/core/cortex_m/libarch__arm__core__cortex_m.a(thread.c.obj)
 .debug_aranges
                0x0000000000000500       0x30 zephyr/arch/arch/arm/core/cortex_m/libarch__arm__core__cortex_m.a(cpu_idle.c.obj)
 .debug_aranges
                0x0000000000000530       0x20 zephyr/arch/arch/arm/core/cortex_m/libarch__arm__core__cortex_m.a(irq_init.c.obj)
 .debug_aranges
                0x0000000000000550       0x20 zephyr/arch/arch/arm/core/cortex_m/libarch__arm__core__cortex_m.a(isr_wrapper.c.obj)
 .debug_aranges
                0x0000000000000570       0x38 zephyr/lib/libc/picolibc/liblib__libc__picolibc.a(stdio.c.obj)
 .debug_aranges
                0x00000000000005a8       0x60 zephyr/lib/libc/common/liblib__libc__common.a(malloc.c.obj)
 .debug_aranges
                0x0000000000000608       0x20 zephyr/soc/soc/ti_lm3s6965/libsoc__ti__lm3s6965.a(soc_config.c.obj)
 .debug_aranges
                0x0000000000000628       0x30 zephyr/drivers/console/libdrivers__console.a(uart_console.c.obj)
 .debug_aranges
                0x0000000000000658       0x30 zephyr/drivers/serial/libdrivers__serial.a(uart_stellaris.c.obj)
 .debug_aranges
                0x0000000000000688       0x58 zephyr/drivers/timer/libdrivers__timer.a(cortex_m_systick.c.obj)
 .debug_aranges
                0x00000000000006e0       0x50 zephyr/kernel/libkernel.a(device.c.obj)
 .debug_aranges
                0x0000000000000730       0x38 zephyr/kernel/libkernel.a(fatal.c.obj)
 .debug_aranges
                0x0000000000000768       0x40 zephyr/kernel/libkernel.a(init.c.obj)
 .debug_aranges
                0x00000000000007a8       0x28 zephyr/kernel/libkernel.a(idle.c.obj)
 .debug_aranges
                0x00000000000007d0       0x90 zephyr/kernel/libkernel.a(thread.c.obj)
 .debug_aranges
                0x0000000000000860      0x170 zephyr/kernel/libkernel.a(sched.c.obj)
 .debug_aranges
                0x00000000000009d0       0x40 zephyr/kernel/libkernel.a(timeslicing.c.obj)
 .debug_aranges
                0x0000000000000a10       0x98 zephyr/kernel/libkernel.a(timeout.c.obj)
 .debug_aranges
                0x0000000000000aa8       0x68 zephyr/kernel/libkernel.a(mempool.c.obj)
 .debug_aranges
                0x0000000000000b10       0x20 zephyr/kernel/libkernel.a(banner.c.obj)
 .debug_aranges
                0x0000000000000b30       0x60 zephyr/kernel/libkernel.a(kheap.c.obj)

.debug_pubnames
 *(SORT_BY_ALIGNMENT(.debug_pubnames))

.debug_info     0x0000000000000000    0x1e7d8
 *(SORT_BY_ALIGNMENT(.debug_info) SORT_BY_ALIGNMENT(.gnu.linkonce.wi.*))
 .debug_info    0x0000000000000000      0x1a3 zephyr/CMakeFiles/zephyr_final.dir/isr_tables.c.obj
 .debug_info    0x00000000000001a3       0xdc zephyr/CMakeFiles/offsets.dir/./arch/arm/core/offsets/offsets.c.obj
 .debug_info    0x000000000000027f      0x392 app/libapp.a(main.c.obj)
 .debug_info    0x0000000000000611      0x19f app/libapp.a(engine.c.obj)
 .debug_info    0x00000000000007b0      0x21d app/libapp.a(sensors.c.obj)
 .debug_info    0x00000000000009cd      0x105 app/libapp.a(actuators.c.obj)
 .debug_info    0x0000000000000ad2      0x16e app/libapp.a(can_comm.c.obj)
 .debug_info    0x0000000000000c40     0x3222 zephyr/libzephyr.a(heap.c.obj)
 .debug_info    0x0000000000003e62      0x57b zephyr/libzephyr.a(printk.c.obj)
 .debug_info    0x00000000000043dd      0x6fe zephyr/libzephyr.a(thread_entry.c.obj)
 .debug_info    0x0000000000004adb       0x95 zephyr/libzephyr.a(last_section_id.c.obj)
 .debug_info    0x0000000000004b70       0x38 zephyr/libzephyr.a(configs.c.obj)
 .debug_info    0x0000000000004ba8      0x201 zephyr/arch/common/libarch__common.a(init.c.obj)
 .debug_info    0x0000000000004da9      0x12d zephyr/arch/common/libarch__common.a(xip.c.obj)
 .debug_info    0x0000000000004ed6      0x615 zephyr/arch/arch/arm/core/libarch__arm__core.a(fatal.c.obj)
 .debug_info    0x00000000000054eb       0xb6 zephyr/arch/arch/arm/core/libarch__arm__core.a(nmi.c.obj)
 .debug_info    0x00000000000055a1       0x23 zephyr/arch/arch/arm/core/libarch__arm__core.a(nmi_on_reset.S.obj)
 .debug_info    0x00000000000055c4      0x6d9 zephyr/arch/arch/arm/core/libarch__arm__core.a(tls.c.obj)
 .debug_info    0x0000000000005c9d      0x7e0 zephyr/arch/arch/arm/core/cortex_m/libarch__arm__core__cortex_m.a(exc_exit.c.obj)
 .debug_info    0x000000000000647d     0x11d9 zephyr/arch/arch/arm/core/cortex_m/libarch__arm__core__cortex_m.a(fault.c.obj)
 .debug_info    0x0000000000007656       0x23 zephyr/arch/arch/arm/core/cortex_m/libarch__arm__core__cortex_m.a(fault_s.S.obj)
 .debug_info    0x0000000000007679       0x23 zephyr/arch/arch/arm/core/cortex_m/libarch__arm__core__cortex_m.a(reset.S.obj)
 .debug_info    0x000000000000769c      0x885 zephyr/arch/arch/arm/core/cortex_m/libarch__arm__core__cortex_m.a(thread_abort.c.obj)
 .debug_info    0x0000000000007f21       0x22 zephyr/arch/arch/arm/core/cortex_m/libarch__arm__core__cortex_m.a(swap_helper.S.obj)
 .debug_info    0x0000000000007f43      0x80c zephyr/arch/arch/arm/core/cortex_m/libarch__arm__core__cortex_m.a(irq_manage.c.obj)
 .debug_info    0x000000000000874f      0x406 zephyr/arch/arch/arm/core/cortex_m/libarch__arm__core__cortex_m.a(prep_c.c.obj)
 .debug_info    0x0000000000008b55      0xac4 zephyr/arch/arch/arm/core/cortex_m/libarch__arm__core__cortex_m.a(thread.c.obj)
 .debug_info    0x0000000000009619      0x4b7 zephyr/arch/arch/arm/core/cortex_m/libarch__arm__core__cortex_m.a(cpu_idle.c.obj)
 .debug_info    0x0000000000009ad0      0x4c3 zephyr/arch/arch/arm/core/cortex_m/libarch__arm__core__cortex_m.a(irq_init.c.obj)
 .debug_info    0x0000000000009f93      0x1ab zephyr/arch/arch/arm/core/cortex_m/libarch__arm__core__cortex_m.a(isr_wrapper.c.obj)
 .debug_info    0x000000000000a13e       0x23 zephyr/arch/arch/arm/core/cortex_m/libarch__arm__core__cortex_m.a(__aeabi_read_tp.S.obj)
 .debug_info    0x000000000000a161      0x3f4 zephyr/lib/libc/picolibc/liblib__libc__picolibc.a(stdio.c.obj)
 .debug_info    0x000000000000a555      0xdce zephyr/lib/libc/common/liblib__libc__common.a(malloc.c.obj)
 .debug_info    0x000000000000b323      0x2f5 zephyr/soc/soc/ti_lm3s6965/libsoc__ti__lm3s6965.a(soc_config.c.obj)
 .debug_info    0x000000000000b618      0x828 zephyr/drivers/console/libdrivers__console.a(uart_console.c.obj)
 .debug_info    0x000000000000be40      0xaa9 zephyr/drivers/serial/libdrivers__serial.a(uart_stellaris.c.obj)
 .debug_info    0x000000000000c8e9     0x1010 zephyr/drivers/timer/libdrivers__timer.a(cortex_m_systick.c.obj)
 .debug_info    0x000000000000d8f9      0x472 zephyr/kernel/libkernel.a(device.c.obj)
 .debug_info    0x000000000000dd6b      0xc7c zephyr/kernel/libkernel.a(fatal.c.obj)
 .debug_info    0x000000000000e9e7     0x1aed zephyr/kernel/libkernel.a(init.c.obj)
 .debug_info    0x00000000000104d4      0x2e7 zephyr/kernel/libkernel.a(idle.c.obj)
 .debug_info    0x00000000000107bb     0x156d zephyr/kernel/libkernel.a(thread.c.obj)
 .debug_info    0x0000000000011d28     0x7a65 zephyr/kernel/libkernel.a(sched.c.obj)
 .debug_info    0x000000000001978d      0xf8d zephyr/kernel/libkernel.a(timeslicing.c.obj)
 .debug_info    0x000000000001a71a     0x1abe zephyr/kernel/libkernel.a(timeout.c.obj)
 .debug_info    0x000000000001c1d8     0x117b zephyr/kernel/libkernel.a(mempool.c.obj)
 .debug_info    0x000000000001d353       0xc5 zephyr/kernel/libkernel.a(banner.c.obj)
 .debug_info    0x000000000001d418     0x13c0 zephyr/kernel/libkernel.a(kheap.c.obj)

.debug_abbrev   0x0000000000000000     0x6ef2
 *(SORT_BY_ALIGNMENT(.debug_abbrev))